------------------------------------------------------------
TimeQuest Timing Analyzer Summary
------------------------------------------------------------

Type  : Slow 1100mV 85C Model Setup 'clk_vga'
Slack : -13.768
TNS   : -335.629

Type  : Slow 1100mV 85C Model Setup 'CLOCK_50'
Slack : -4.878
TNS   : -1210.890

Type  : Slow 1100mV 85C Model Setup 'clk_dram'
Slack : -3.505
TNS   : -124.473

Type  : Slow 1100mV 85C Model Setup 'inst3|NiosII|clocks|sys_pll|altera_pll_i|general[0].gpll~PLL_OUTPUT_COUNTER|divclk'
Slack : 7.529
TNS   : 0.000

Type  : Slow 1100mV 85C Model Setup 'altera_reserved_tck'
Slack : 11.861
TNS   : 0.000

Type  : Slow 1100mV 85C Model Setup 'inst4|inst6|pll30mhz_inst|altera_pll_i|general[0].gpll~PLL_OUTPUT_COUNTER|divclk'
Slack : 23.485
TNS   : 0.000

Type  : Slow 1100mV 85C Model Hold 'inst3|NiosII|clocks|sys_pll|altera_pll_i|general[0].gpll~PLL_OUTPUT_COUNTER|divclk'
Slack : -3.902
TNS   : -60.939

Type  : Slow 1100mV 85C Model Hold 'altera_reserved_tck'
Slack : 0.118
TNS   : 0.000

Type  : Slow 1100mV 85C Model Hold 'CLOCK_50'
Slack : 0.218
TNS   : 0.000

Type  : Slow 1100mV 85C Model Hold 'inst4|inst6|pll30mhz_inst|altera_pll_i|general[0].gpll~PLL_OUTPUT_COUNTER|divclk'
Slack : 0.384
TNS   : 0.000

Type  : Slow 1100mV 85C Model Hold 'clk_vga'
Slack : 8.416
TNS   : 0.000

Type  : Slow 1100mV 85C Model Hold 'clk_dram'
Slack : 9.260
TNS   : 0.000

Type  : Slow 1100mV 85C Model Recovery 'inst3|NiosII|clocks|sys_pll|altera_pll_i|general[0].gpll~PLL_OUTPUT_COUNTER|divclk'
Slack : 14.166
TNS   : 0.000

Type  : Slow 1100mV 85C Model Recovery 'altera_reserved_tck'
Slack : 14.600
TNS   : 0.000

Type  : Slow 1100mV 85C Model Recovery 'CLOCK_50'
Slack : 17.091
TNS   : 0.000

Type  : Slow 1100mV 85C Model Removal 'CLOCK_50'
Slack : 0.395
TNS   : 0.000

Type  : Slow 1100mV 85C Model Removal 'altera_reserved_tck'
Slack : 0.679
TNS   : 0.000

Type  : Slow 1100mV 85C Model Removal 'inst3|NiosII|clocks|sys_pll|altera_pll_i|general[0].gpll~PLL_OUTPUT_COUNTER|divclk'
Slack : 0.914
TNS   : 0.000

Type  : Slow 1100mV 85C Model Minimum Pulse Width 'inst3|NiosII|clocks|sys_pll|altera_pll_i|general[0].gpll~FRACTIONAL_PLL|vcoph[0]'
Slack : 1.000
TNS   : 0.000

Type  : Slow 1100mV 85C Model Minimum Pulse Width 'inst4|inst6|pll30mhz_inst|altera_pll_i|general[0].gpll~FRACTIONAL_PLL|vcoph[0]'
Slack : 1.666
TNS   : 0.000

Type  : Slow 1100mV 85C Model Minimum Pulse Width 'inst3|NiosII|clocks|sys_pll|altera_pll_i|general[0].gpll~PLL_OUTPUT_COUNTER|divclk'
Slack : 8.767
TNS   : 0.000

Type  : Slow 1100mV 85C Model Minimum Pulse Width 'CLOCK_50'
Slack : 8.864
TNS   : 0.000

Type  : Slow 1100mV 85C Model Minimum Pulse Width 'inst3|NiosII|clocks|sys_pll|altera_pll_i|general[1].gpll~PLL_OUTPUT_COUNTER|divclk'
Slack : 9.846
TNS   : 0.000

Type  : Slow 1100mV 85C Model Minimum Pulse Width 'altera_reserved_tck'
Slack : 15.533
TNS   : 0.000

Type  : Slow 1100mV 85C Model Minimum Pulse Width 'inst4|inst6|pll30mhz_inst|altera_pll_i|general[0].gpll~PLL_OUTPUT_COUNTER|divclk'
Slack : 15.862
TNS   : 0.000

Type  : Slow 1100mV 0C Model Setup 'clk_vga'
Slack : -13.391
TNS   : -326.098

Type  : Slow 1100mV 0C Model Setup 'CLOCK_50'
Slack : -4.632
TNS   : -595.492

Type  : Slow 1100mV 0C Model Setup 'clk_dram'
Slack : -3.255
TNS   : -115.342

Type  : Slow 1100mV 0C Model Setup 'inst3|NiosII|clocks|sys_pll|altera_pll_i|general[0].gpll~PLL_OUTPUT_COUNTER|divclk'
Slack : 7.883
TNS   : 0.000

Type  : Slow 1100mV 0C Model Setup 'altera_reserved_tck'
Slack : 12.055
TNS   : 0.000

Type  : Slow 1100mV 0C Model Setup 'inst4|inst6|pll30mhz_inst|altera_pll_i|general[0].gpll~PLL_OUTPUT_COUNTER|divclk'
Slack : 23.792
TNS   : 0.000

Type  : Slow 1100mV 0C Model Hold 'inst3|NiosII|clocks|sys_pll|altera_pll_i|general[0].gpll~PLL_OUTPUT_COUNTER|divclk'
Slack : -4.190
TNS   : -65.608

Type  : Slow 1100mV 0C Model Hold 'altera_reserved_tck'
Slack : 0.103
TNS   : 0.000

Type  : Slow 1100mV 0C Model Hold 'CLOCK_50'
Slack : 0.252
TNS   : 0.000

Type  : Slow 1100mV 0C Model Hold 'inst4|inst6|pll30mhz_inst|altera_pll_i|general[0].gpll~PLL_OUTPUT_COUNTER|divclk'
Slack : 0.402
TNS   : 0.000

Type  : Slow 1100mV 0C Model Hold 'clk_vga'
Slack : 8.260
TNS   : 0.000

Type  : Slow 1100mV 0C Model Hold 'clk_dram'
Slack : 9.121
TNS   : 0.000

Type  : Slow 1100mV 0C Model Recovery 'inst3|NiosII|clocks|sys_pll|altera_pll_i|general[0].gpll~PLL_OUTPUT_COUNTER|divclk'
Slack : 14.402
TNS   : 0.000

Type  : Slow 1100mV 0C Model Recovery 'altera_reserved_tck'
Slack : 14.710
TNS   : 0.000

Type  : Slow 1100mV 0C Model Recovery 'CLOCK_50'
Slack : 17.236
TNS   : 0.000

Type  : Slow 1100mV 0C Model Removal 'CLOCK_50'
Slack : 0.397
TNS   : 0.000

Type  : Slow 1100mV 0C Model Removal 'altera_reserved_tck'
Slack : 0.646
TNS   : 0.000

Type  : Slow 1100mV 0C Model Removal 'inst3|NiosII|clocks|sys_pll|altera_pll_i|general[0].gpll~PLL_OUTPUT_COUNTER|divclk'
Slack : 0.859
TNS   : 0.000

Type  : Slow 1100mV 0C Model Minimum Pulse Width 'inst3|NiosII|clocks|sys_pll|altera_pll_i|general[0].gpll~FRACTIONAL_PLL|vcoph[0]'
Slack : 1.000
TNS   : 0.000

Type  : Slow 1100mV 0C Model Minimum Pulse Width 'inst4|inst6|pll30mhz_inst|altera_pll_i|general[0].gpll~FRACTIONAL_PLL|vcoph[0]'
Slack : 1.666
TNS   : 0.000

Type  : Slow 1100mV 0C Model Minimum Pulse Width 'inst3|NiosII|clocks|sys_pll|altera_pll_i|general[0].gpll~PLL_OUTPUT_COUNTER|divclk'
Slack : 8.747
TNS   : 0.000

Type  : Slow 1100mV 0C Model Minimum Pulse Width 'CLOCK_50'
Slack : 8.898
TNS   : 0.000

Type  : Slow 1100mV 0C Model Minimum Pulse Width 'inst3|NiosII|clocks|sys_pll|altera_pll_i|general[1].gpll~PLL_OUTPUT_COUNTER|divclk'
Slack : 9.811
TNS   : 0.000

Type  : Slow 1100mV 0C Model Minimum Pulse Width 'altera_reserved_tck'
Slack : 15.512
TNS   : 0.000

Type  : Slow 1100mV 0C Model Minimum Pulse Width 'inst4|inst6|pll30mhz_inst|altera_pll_i|general[0].gpll~PLL_OUTPUT_COUNTER|divclk'
Slack : 15.847
TNS   : 0.000

Type  : Fast 1100mV 85C Model Setup 'clk_vga'
Slack : -8.981
TNS   : -213.655

Type  : Fast 1100mV 85C Model Setup 'CLOCK_50'
Slack : -1.179
TNS   : -3.462

Type  : Fast 1100mV 85C Model Setup 'clk_dram'
Slack : 1.417
TNS   : 0.000

Type  : Fast 1100mV 85C Model Setup 'inst3|NiosII|clocks|sys_pll|altera_pll_i|general[0].gpll~PLL_OUTPUT_COUNTER|divclk'
Slack : 8.614
TNS   : 0.000

Type  : Fast 1100mV 85C Model Setup 'altera_reserved_tck'
Slack : 14.159
TNS   : 0.000

Type  : Fast 1100mV 85C Model Setup 'inst4|inst6|pll30mhz_inst|altera_pll_i|general[0].gpll~PLL_OUTPUT_COUNTER|divclk'
Slack : 26.439
TNS   : 0.000

Type  : Fast 1100mV 85C Model Hold 'inst3|NiosII|clocks|sys_pll|altera_pll_i|general[0].gpll~PLL_OUTPUT_COUNTER|divclk'
Slack : -1.765
TNS   : -27.271

Type  : Fast 1100mV 85C Model Hold 'altera_reserved_tck'
Slack : 0.024
TNS   : 0.000

Type  : Fast 1100mV 85C Model Hold 'CLOCK_50'
Slack : 0.139
TNS   : 0.000

Type  : Fast 1100mV 85C Model Hold 'inst4|inst6|pll30mhz_inst|altera_pll_i|general[0].gpll~PLL_OUTPUT_COUNTER|divclk'
Slack : 0.184
TNS   : 0.000

Type  : Fast 1100mV 85C Model Hold 'clk_vga'
Slack : 4.444
TNS   : 0.000

Type  : Fast 1100mV 85C Model Hold 'clk_dram'
Slack : 5.190
TNS   : 0.000

Type  : Fast 1100mV 85C Model Recovery 'altera_reserved_tck'
Slack : 15.748
TNS   : 0.000

Type  : Fast 1100mV 85C Model Recovery 'inst3|NiosII|clocks|sys_pll|altera_pll_i|general[0].gpll~PLL_OUTPUT_COUNTER|divclk'
Slack : 16.049
TNS   : 0.000

Type  : Fast 1100mV 85C Model Recovery 'CLOCK_50'
Slack : 18.093
TNS   : 0.000

Type  : Fast 1100mV 85C Model Removal 'CLOCK_50'
Slack : 0.250
TNS   : 0.000

Type  : Fast 1100mV 85C Model Removal 'altera_reserved_tck'
Slack : 0.318
TNS   : 0.000

Type  : Fast 1100mV 85C Model Removal 'inst3|NiosII|clocks|sys_pll|altera_pll_i|general[0].gpll~PLL_OUTPUT_COUNTER|divclk'
Slack : 0.527
TNS   : 0.000

Type  : Fast 1100mV 85C Model Minimum Pulse Width 'inst3|NiosII|clocks|sys_pll|altera_pll_i|general[0].gpll~FRACTIONAL_PLL|vcoph[0]'
Slack : 1.000
TNS   : 0.000

Type  : Fast 1100mV 85C Model Minimum Pulse Width 'inst4|inst6|pll30mhz_inst|altera_pll_i|general[0].gpll~FRACTIONAL_PLL|vcoph[0]'
Slack : 1.666
TNS   : 0.000

Type  : Fast 1100mV 85C Model Minimum Pulse Width 'CLOCK_50'
Slack : 8.475
TNS   : 0.000

Type  : Fast 1100mV 85C Model Minimum Pulse Width 'inst3|NiosII|clocks|sys_pll|altera_pll_i|general[0].gpll~PLL_OUTPUT_COUNTER|divclk'
Slack : 8.886
TNS   : 0.000

Type  : Fast 1100mV 85C Model Minimum Pulse Width 'inst3|NiosII|clocks|sys_pll|altera_pll_i|general[1].gpll~PLL_OUTPUT_COUNTER|divclk'
Slack : 9.907
TNS   : 0.000

Type  : Fast 1100mV 85C Model Minimum Pulse Width 'altera_reserved_tck'
Slack : 15.444
TNS   : 0.000

Type  : Fast 1100mV 85C Model Minimum Pulse Width 'inst4|inst6|pll30mhz_inst|altera_pll_i|general[0].gpll~PLL_OUTPUT_COUNTER|divclk'
Slack : 16.208
TNS   : 0.000

Type  : Fast 1100mV 0C Model Setup 'clk_vga'
Slack : -8.384
TNS   : -200.080

Type  : Fast 1100mV 0C Model Setup 'CLOCK_50'
Slack : -0.773
TNS   : -2.002

Type  : Fast 1100mV 0C Model Setup 'clk_dram'
Slack : 1.769
TNS   : 0.000

Type  : Fast 1100mV 0C Model Setup 'inst3|NiosII|clocks|sys_pll|altera_pll_i|general[0].gpll~PLL_OUTPUT_COUNTER|divclk'
Slack : 8.780
TNS   : 0.000

Type  : Fast 1100mV 0C Model Setup 'altera_reserved_tck'
Slack : 14.523
TNS   : 0.000

Type  : Fast 1100mV 0C Model Setup 'inst4|inst6|pll30mhz_inst|altera_pll_i|general[0].gpll~PLL_OUTPUT_COUNTER|divclk'
Slack : 27.259
TNS   : 0.000

Type  : Fast 1100mV 0C Model Hold 'inst3|NiosII|clocks|sys_pll|altera_pll_i|general[0].gpll~PLL_OUTPUT_COUNTER|divclk'
Slack : -2.210
TNS   : -34.442

Type  : Fast 1100mV 0C Model Hold 'altera_reserved_tck'
Slack : 0.011
TNS   : 0.000

Type  : Fast 1100mV 0C Model Hold 'CLOCK_50'
Slack : 0.143
TNS   : 0.000

Type  : Fast 1100mV 0C Model Hold 'inst4|inst6|pll30mhz_inst|altera_pll_i|general[0].gpll~PLL_OUTPUT_COUNTER|divclk'
Slack : 0.175
TNS   : 0.000

Type  : Fast 1100mV 0C Model Hold 'clk_vga'
Slack : 4.123
TNS   : 0.000

Type  : Fast 1100mV 0C Model Hold 'clk_dram'
Slack : 4.902
TNS   : 0.000

Type  : Fast 1100mV 0C Model Recovery 'altera_reserved_tck'
Slack : 15.951
TNS   : 0.000

Type  : Fast 1100mV 0C Model Recovery 'inst3|NiosII|clocks|sys_pll|altera_pll_i|general[0].gpll~PLL_OUTPUT_COUNTER|divclk'
Slack : 16.540
TNS   : 0.000

Type  : Fast 1100mV 0C Model Recovery 'CLOCK_50'
Slack : 18.316
TNS   : 0.000

Type  : Fast 1100mV 0C Model Removal 'CLOCK_50'
Slack : 0.239
TNS   : 0.000

Type  : Fast 1100mV 0C Model Removal 'altera_reserved_tck'
Slack : 0.291
TNS   : 0.000

Type  : Fast 1100mV 0C Model Removal 'inst3|NiosII|clocks|sys_pll|altera_pll_i|general[0].gpll~PLL_OUTPUT_COUNTER|divclk'
Slack : 0.472
TNS   : 0.000

Type  : Fast 1100mV 0C Model Minimum Pulse Width 'inst3|NiosII|clocks|sys_pll|altera_pll_i|general[0].gpll~FRACTIONAL_PLL|vcoph[0]'
Slack : 1.000
TNS   : 0.000

Type  : Fast 1100mV 0C Model Minimum Pulse Width 'inst4|inst6|pll30mhz_inst|altera_pll_i|general[0].gpll~FRACTIONAL_PLL|vcoph[0]'
Slack : 1.666
TNS   : 0.000

Type  : Fast 1100mV 0C Model Minimum Pulse Width 'CLOCK_50'
Slack : 8.430
TNS   : 0.000

Type  : Fast 1100mV 0C Model Minimum Pulse Width 'inst3|NiosII|clocks|sys_pll|altera_pll_i|general[0].gpll~PLL_OUTPUT_COUNTER|divclk'
Slack : 8.884
TNS   : 0.000

Type  : Fast 1100mV 0C Model Minimum Pulse Width 'inst3|NiosII|clocks|sys_pll|altera_pll_i|general[1].gpll~PLL_OUTPUT_COUNTER|divclk'
Slack : 9.901
TNS   : 0.000

Type  : Fast 1100mV 0C Model Minimum Pulse Width 'altera_reserved_tck'
Slack : 15.424
TNS   : 0.000

Type  : Fast 1100mV 0C Model Minimum Pulse Width 'inst4|inst6|pll30mhz_inst|altera_pll_i|general[0].gpll~PLL_OUTPUT_COUNTER|divclk'
Slack : 16.203
TNS   : 0.000

------------------------------------------------------------
