Archive member included to satisfy reference by file (symbol)

c:/altera/15.0/nios2eds/bin/gnu/h-x86_64-mingw32/bin/../lib/gcc/nios2-elf/4.9.1/../../../../../H-x86_64-mingw32/nios2-elf/lib\libc.a(lib_a-memcpy.o)
                              obj/default/hello_world.o (memcpy)
c:/altera/15.0/nios2eds/bin/gnu/h-x86_64-mingw32/bin/../lib/gcc/nios2-elf/4.9.1/../../../../../H-x86_64-mingw32/nios2-elf/lib\libc.a(lib_a-memset.o)
                              obj/default/hello_world.o (memset)
../algorithm_bsp/\libhal_bsp.a(alt_load.o)
                              ../algorithm_bsp//obj/HAL/src/crt0.o (alt_load)
../algorithm_bsp/\libhal_bsp.a(alt_main.o)
                              ../algorithm_bsp//obj/HAL/src/crt0.o (alt_main)
../algorithm_bsp/\libhal_bsp.a(alt_sys_init.o)
                              ../algorithm_bsp/\libhal_bsp.a(alt_main.o) (alt_irq_init)
../algorithm_bsp/\libhal_bsp.a(altera_avalon_jtag_uart_fd.o)
                              ../algorithm_bsp/\libhal_bsp.a(alt_sys_init.o) (altera_avalon_jtag_uart_read_fd)
../algorithm_bsp/\libhal_bsp.a(altera_avalon_jtag_uart_init.o)
                              ../algorithm_bsp/\libhal_bsp.a(alt_sys_init.o) (altera_avalon_jtag_uart_init)
../algorithm_bsp/\libhal_bsp.a(altera_avalon_jtag_uart_ioctl.o)
                              ../algorithm_bsp/\libhal_bsp.a(altera_avalon_jtag_uart_fd.o) (altera_avalon_jtag_uart_ioctl)
../algorithm_bsp/\libhal_bsp.a(altera_avalon_jtag_uart_read.o)
                              ../algorithm_bsp/\libhal_bsp.a(altera_avalon_jtag_uart_fd.o) (altera_avalon_jtag_uart_read)
../algorithm_bsp/\libhal_bsp.a(altera_avalon_jtag_uart_write.o)
                              ../algorithm_bsp/\libhal_bsp.a(altera_avalon_jtag_uart_fd.o) (altera_avalon_jtag_uart_write)
../algorithm_bsp/\libhal_bsp.a(altera_avalon_timer_sc.o)
                              ../algorithm_bsp/\libhal_bsp.a(alt_sys_init.o) (alt_avalon_timer_sc_init)
../algorithm_bsp/\libhal_bsp.a(alt_alarm_start.o)
                              ../algorithm_bsp/\libhal_bsp.a(altera_avalon_jtag_uart_init.o) (alt_alarm_start)
../algorithm_bsp/\libhal_bsp.a(alt_close.o)
                              ../algorithm_bsp/\libhal_bsp.a(alt_main.o) (close)
../algorithm_bsp/\libhal_bsp.a(alt_dcache_flush_all.o)
                              ../algorithm_bsp/\libhal_bsp.a(alt_load.o) (alt_dcache_flush_all)
../algorithm_bsp/\libhal_bsp.a(alt_dev.o)
                              ../algorithm_bsp/\libhal_bsp.a(alt_sys_init.o) (alt_dev_list)
../algorithm_bsp/\libhal_bsp.a(alt_dev_llist_insert.o)
                              ../algorithm_bsp/\libhal_bsp.a(alt_sys_init.o) (alt_dev_llist_insert)
../algorithm_bsp/\libhal_bsp.a(alt_do_ctors.o)
                              ../algorithm_bsp/\libhal_bsp.a(alt_main.o) (_do_ctors)
../algorithm_bsp/\libhal_bsp.a(alt_do_dtors.o)
                              ../algorithm_bsp/\libhal_bsp.a(alt_main.o) (_do_dtors)
../algorithm_bsp/\libhal_bsp.a(alt_errno.o)
                              ../algorithm_bsp/\libhal_bsp.a(alt_close.o) (alt_errno)
../algorithm_bsp/\libhal_bsp.a(alt_icache_flush_all.o)
                              ../algorithm_bsp/\libhal_bsp.a(alt_load.o) (alt_icache_flush_all)
../algorithm_bsp/\libhal_bsp.a(alt_iic.o)
                              ../algorithm_bsp/\libhal_bsp.a(altera_avalon_jtag_uart_init.o) (alt_ic_isr_register)
../algorithm_bsp/\libhal_bsp.a(alt_iic_isr_register.o)
                              ../algorithm_bsp/\libhal_bsp.a(alt_iic.o) (alt_iic_isr_register)
../algorithm_bsp/\libhal_bsp.a(alt_io_redirect.o)
                              ../algorithm_bsp/\libhal_bsp.a(alt_main.o) (alt_io_redirect)
../algorithm_bsp/\libhal_bsp.a(alt_irq_entry.o)
                              ../algorithm_bsp/\libhal_bsp.a(alt_iic_isr_register.o) (alt_irq_entry)
../algorithm_bsp/\libhal_bsp.a(alt_irq_handler.o)
                              ../algorithm_bsp/\libhal_bsp.a(alt_iic_isr_register.o) (alt_irq)
../algorithm_bsp/\libhal_bsp.a(alt_irq_vars.o)
                              ../algorithm_bsp/\libhal_bsp.a(alt_iic.o) (alt_irq_active)
../algorithm_bsp/\libhal_bsp.a(alt_open.o)
                              ../algorithm_bsp/\libhal_bsp.a(alt_io_redirect.o) (open)
../algorithm_bsp/\libhal_bsp.a(alt_release_fd.o)
                              ../algorithm_bsp/\libhal_bsp.a(alt_close.o) (alt_release_fd)
../algorithm_bsp/\libhal_bsp.a(alt_tick.o)
                              ../algorithm_bsp/\libhal_bsp.a(altera_avalon_jtag_uart_init.o) (_alt_tick_rate)
../algorithm_bsp/\libhal_bsp.a(altera_nios2_qsys_irq.o)
                              ../algorithm_bsp/\libhal_bsp.a(alt_sys_init.o) (altera_nios2_qsys_irq_init)
../algorithm_bsp/\libhal_bsp.a(alt_exception_entry.o)
                              ../algorithm_bsp/\libhal_bsp.a(alt_irq_entry.o) (alt_exception)
../algorithm_bsp/\libhal_bsp.a(alt_find_dev.o)
                              ../algorithm_bsp/\libhal_bsp.a(alt_open.o) (alt_find_dev)
../algorithm_bsp/\libhal_bsp.a(alt_find_file.o)
                              ../algorithm_bsp/\libhal_bsp.a(alt_open.o) (alt_find_file)
../algorithm_bsp/\libhal_bsp.a(alt_get_fd.o)
                              ../algorithm_bsp/\libhal_bsp.a(alt_open.o) (alt_get_fd)
../algorithm_bsp/\libhal_bsp.a(alt_icache_flush.o)
                              ../algorithm_bsp/\libhal_bsp.a(alt_icache_flush_all.o) (alt_icache_flush)
c:/altera/15.0/nios2eds/bin/gnu/h-x86_64-mingw32/bin/../lib/gcc/nios2-elf/4.9.1/../../../../../H-x86_64-mingw32/nios2-elf/lib\libc.a(lib_a-atexit.o)
                              ../algorithm_bsp/\libhal_bsp.a(alt_main.o) (atexit)
c:/altera/15.0/nios2eds/bin/gnu/h-x86_64-mingw32/bin/../lib/gcc/nios2-elf/4.9.1/../../../../../H-x86_64-mingw32/nios2-elf/lib\libc.a(lib_a-exit.o)
                              ../algorithm_bsp/\libhal_bsp.a(alt_main.o) (exit)
c:/altera/15.0/nios2eds/bin/gnu/h-x86_64-mingw32/bin/../lib/gcc/nios2-elf/4.9.1/../../../../../H-x86_64-mingw32/nios2-elf/lib\libc.a(lib_a-impure.o)
                              c:/altera/15.0/nios2eds/bin/gnu/h-x86_64-mingw32/bin/../lib/gcc/nios2-elf/4.9.1/../../../../../H-x86_64-mingw32/nios2-elf/lib\libc.a(lib_a-exit.o) (_global_impure_ptr)
c:/altera/15.0/nios2eds/bin/gnu/h-x86_64-mingw32/bin/../lib/gcc/nios2-elf/4.9.1/../../../../../H-x86_64-mingw32/nios2-elf/lib\libc.a(lib_a-int_errno.o)
                              ../algorithm_bsp/\libhal_bsp.a(alt_close.o) (errno)
c:/altera/15.0/nios2eds/bin/gnu/h-x86_64-mingw32/bin/../lib/gcc/nios2-elf/4.9.1/../../../../../H-x86_64-mingw32/nios2-elf/lib\libc.a(lib_a-memcmp.o)
                              ../algorithm_bsp/\libhal_bsp.a(alt_find_dev.o) (memcmp)
c:/altera/15.0/nios2eds/bin/gnu/h-x86_64-mingw32/bin/../lib/gcc/nios2-elf/4.9.1/../../../../../H-x86_64-mingw32/nios2-elf/lib\libc.a(lib_a-strlen.o)
                              ../algorithm_bsp/\libhal_bsp.a(alt_find_dev.o) (strlen)
c:/altera/15.0/nios2eds/bin/gnu/h-x86_64-mingw32/bin/../lib/gcc/nios2-elf/4.9.1/../../../../../H-x86_64-mingw32/nios2-elf/lib\libc.a(lib_a-__atexit.o)
                              c:/altera/15.0/nios2eds/bin/gnu/h-x86_64-mingw32/bin/../lib/gcc/nios2-elf/4.9.1/../../../../../H-x86_64-mingw32/nios2-elf/lib\libc.a(lib_a-atexit.o) (__register_exitproc)
c:/altera/15.0/nios2eds/bin/gnu/h-x86_64-mingw32/bin/../lib/gcc/nios2-elf/4.9.1/../../../../../H-x86_64-mingw32/nios2-elf/lib\libc.a(lib_a-__call_atexit.o)
                              c:/altera/15.0/nios2eds/bin/gnu/h-x86_64-mingw32/bin/../lib/gcc/nios2-elf/4.9.1/../../../../../H-x86_64-mingw32/nios2-elf/lib\libc.a(lib_a-exit.o) (__call_exitprocs)
../algorithm_bsp/\libhal_bsp.a(alt_exit.o)
                              c:/altera/15.0/nios2eds/bin/gnu/h-x86_64-mingw32/bin/../lib/gcc/nios2-elf/4.9.1/../../../../../H-x86_64-mingw32/nios2-elf/lib\libc.a(lib_a-exit.o) (_exit)

Allocating common symbols
Common symbol       size              file

alt_irq             0x100             ../algorithm_bsp/\libhal_bsp.a(alt_irq_handler.o)
errno               0x4               c:/altera/15.0/nios2eds/bin/gnu/h-x86_64-mingw32/bin/../lib/gcc/nios2-elf/4.9.1/../../../../../H-x86_64-mingw32/nios2-elf/lib\libc.a(lib_a-int_errno.o)

Memory Configuration

Name             Origin             Length             Attributes
reset            0x0000000008000000 0x0000000000000020
sdram            0x0000000008000020 0x0000000003ffffe0
*default*        0x0000000000000000 0xffffffffffffffff

Linker script and memory map

LOAD ../algorithm_bsp//obj/HAL/src/crt0.o
LOAD obj/default/hello_world.o
LOAD c:/altera/15.0/nios2eds/bin/gnu/h-x86_64-mingw32/bin/../lib/gcc/nios2-elf/4.9.1/../../../../../H-x86_64-mingw32/nios2-elf/lib\libstdc++.a
LOAD c:/altera/15.0/nios2eds/bin/gnu/h-x86_64-mingw32/bin/../lib/gcc/nios2-elf/4.9.1/../../../../../H-x86_64-mingw32/nios2-elf/lib\libm.a
LOAD c:/altera/15.0/nios2eds/bin/gnu/h-x86_64-mingw32/bin/../lib/gcc/nios2-elf/4.9.1\libgcc.a
START GROUP
LOAD c:/altera/15.0/nios2eds/bin/gnu/h-x86_64-mingw32/bin/../lib/gcc/nios2-elf/4.9.1/../../../../../H-x86_64-mingw32/nios2-elf/lib\libc.a
LOAD c:/altera/15.0/nios2eds/bin/gnu/h-x86_64-mingw32/bin/../lib/gcc/nios2-elf/4.9.1\libgcc.a
LOAD ../algorithm_bsp/\libhal_bsp.a
LOAD c:/altera/15.0/nios2eds/bin/gnu/h-x86_64-mingw32/bin/../lib/gcc/nios2-elf/4.9.1/../../../../../H-x86_64-mingw32/nios2-elf/lib\libm.a
END GROUP
LOAD c:/altera/15.0/nios2eds/bin/gnu/h-x86_64-mingw32/bin/../lib/gcc/nios2-elf/4.9.1\libgcc.a
                0x0000000008000000                __alt_mem_sdram = 0x8000000

.entry          0x0000000008000000       0x20
 *(.entry)
 .entry         0x0000000008000000       0x20 ../algorithm_bsp//obj/HAL/src/crt0.o
                0x0000000008000000                __reset

.exceptions     0x0000000008000020      0x19c
                0x0000000008000020                PROVIDE (__ram_exceptions_start, ABSOLUTE (.))
                0x0000000008000020                . = ALIGN (0x20)
 *(.irq)
 *(.exceptions.entry.label)
 .exceptions.entry.label
                0x0000000008000020        0x0 ../algorithm_bsp/\libhal_bsp.a(alt_irq_entry.o)
                0x0000000008000020                alt_irq_entry
 .exceptions.entry.label
                0x0000000008000020        0x0 ../algorithm_bsp/\libhal_bsp.a(alt_exception_entry.o)
                0x0000000008000020                alt_exception
 *(.exceptions.entry.user)
 *(.exceptions.entry.ecc_fatal)
 *(.exceptions.entry)
 .exceptions.entry
                0x0000000008000020       0x54 ../algorithm_bsp/\libhal_bsp.a(alt_exception_entry.o)
 *(.exceptions.irqtest.user)
 *(.exceptions.irqtest)
 .exceptions.irqtest
                0x0000000008000074       0x10 ../algorithm_bsp/\libhal_bsp.a(alt_irq_entry.o)
 *(.exceptions.irqhandler.user)
 *(.exceptions.irqhandler)
 .exceptions.irqhandler
                0x0000000008000084        0x4 ../algorithm_bsp/\libhal_bsp.a(alt_irq_entry.o)
 *(.exceptions.irqreturn.user)
 *(.exceptions.irqreturn)
 .exceptions.irqreturn
                0x0000000008000088        0x4 ../algorithm_bsp/\libhal_bsp.a(alt_irq_entry.o)
 *(.exceptions.notirq.label)
 .exceptions.notirq.label
                0x000000000800008c        0x0 ../algorithm_bsp/\libhal_bsp.a(alt_irq_entry.o)
 *(.exceptions.notirq.user)
 *(.exceptions.notirq)
 .exceptions.notirq
                0x000000000800008c        0x8 ../algorithm_bsp/\libhal_bsp.a(alt_exception_entry.o)
 *(.exceptions.soft.user)
 *(.exceptions.soft)
 *(.exceptions.unknown.user)
 *(.exceptions.unknown)
 .exceptions.unknown
                0x0000000008000094        0x4 ../algorithm_bsp/\libhal_bsp.a(alt_exception_entry.o)
 *(.exceptions.exit.label)
 .exceptions.exit.label
                0x0000000008000098        0x0 ../algorithm_bsp/\libhal_bsp.a(alt_irq_entry.o)
 .exceptions.exit.label
                0x0000000008000098        0x0 ../algorithm_bsp/\libhal_bsp.a(alt_exception_entry.o)
 *(.exceptions.exit.user)
 *(.exceptions.exit)
 .exceptions.exit
                0x0000000008000098       0x54 ../algorithm_bsp/\libhal_bsp.a(alt_exception_entry.o)
 *(.exceptions)
 .exceptions    0x00000000080000ec       0xd0 ../algorithm_bsp/\libhal_bsp.a(alt_irq_handler.o)
                0x00000000080000ec                alt_irq_handler
                0x00000000080001bc                PROVIDE (__ram_exceptions_end, ABSOLUTE (.))
                0x0000000008000020                PROVIDE (__flash_exceptions_start, LOADADDR (.exceptions))

.text           0x00000000080001bc     0x2a48
                0x00000000080001bc                PROVIDE (stext, ABSOLUTE (.))
 *(.interp)
 *(.hash)
 *(.dynsym)
 *(.dynstr)
 *(.gnu.version)
 *(.gnu.version_d)
 *(.gnu.version_r)
 *(.rel.init)
 *(.rela.init)
 *(.rel.text .rel.text.* .rel.gnu.linkonce.t.*)
 *(.rela.text .rela.text.* .rela.gnu.linkonce.t.*)
 *(.rel.fini)
 *(.rela.fini)
 *(.rel.rodata .rel.rodata.* .rel.gnu.linkonce.r.*)
 *(.rela.rodata .rela.rodata.* .rela.gnu.linkonce.r.*)
 *(.rel.data .rel.data.* .rel.gnu.linkonce.d.*)
 *(.rela.data .rela.data.* .rela.gnu.linkonce.d.*)
 *(.rel.tdata .rel.tdata.* .rel.gnu.linkonce.td.*)
 *(.rela.tdata .rela.tdata.* .rela.gnu.linkonce.td.*)
 *(.rel.tbss .rel.tbss.* .rel.gnu.linkonce.tb.*)
 *(.rela.tbss .rela.tbss.* .rela.gnu.linkonce.tb.*)
 *(.rel.ctors)
 *(.rela.ctors)
 *(.rel.dtors)
 *(.rela.dtors)
 *(.rel.got)
 *(.rela.got)
 *(.rel.sdata .rel.sdata.* .rel.gnu.linkonce.s.*)
 *(.rela.sdata .rela.sdata.* .rela.gnu.linkonce.s.*)
 *(.rel.sbss .rel.sbss.* .rel.gnu.linkonce.sb.*)
 *(.rela.sbss .rela.sbss.* .rela.gnu.linkonce.sb.*)
 *(.rel.sdata2 .rel.sdata2.* .rel.gnu.linkonce.s2.*)
 *(.rela.sdata2 .rela.sdata2.* .rela.gnu.linkonce.s2.*)
 *(.rel.sbss2 .rel.sbss2.* .rel.gnu.linkonce.sb2.*)
 *(.rela.sbss2 .rela.sbss2.* .rela.gnu.linkonce.sb2.*)
 *(.rel.bss .rel.bss.* .rel.gnu.linkonce.b.*)
 *(.rela.bss .rela.bss.* .rela.gnu.linkonce.b.*)
 *(.rel.plt)
 *(.rela.plt)
 *(.rel.dyn)
 *(.init)
 *(.plt)
 *(.text .stub .text.* .gnu.linkonce.t.*)
 .text          0x00000000080001bc       0x3c ../algorithm_bsp//obj/HAL/src/crt0.o
                0x00000000080001bc                _start
 .text          0x00000000080001f8      0x60c obj/default/hello_world.o
                0x00000000080001f8                main
 .text          0x0000000008000804      0x138 c:/altera/15.0/nios2eds/bin/gnu/h-x86_64-mingw32/bin/../lib/gcc/nios2-elf/4.9.1/../../../../../H-x86_64-mingw32/nios2-elf/lib\libc.a(lib_a-memcpy.o)
                0x0000000008000804                memcpy
 .text          0x000000000800093c      0x124 c:/altera/15.0/nios2eds/bin/gnu/h-x86_64-mingw32/bin/../lib/gcc/nios2-elf/4.9.1/../../../../../H-x86_64-mingw32/nios2-elf/lib\libc.a(lib_a-memset.o)
                0x000000000800093c                memset
 .text          0x0000000008000a60       0xe4 ../algorithm_bsp/\libhal_bsp.a(alt_load.o)
                0x0000000008000ac4                alt_load
 .text          0x0000000008000b44       0x78 ../algorithm_bsp/\libhal_bsp.a(alt_main.o)
                0x0000000008000b44                alt_main
 .text          0x0000000008000bbc       0xc4 ../algorithm_bsp/\libhal_bsp.a(alt_sys_init.o)
                0x0000000008000bf4                alt_irq_init
                0x0000000008000c28                alt_sys_init
 .text          0x0000000008000c80      0x164 ../algorithm_bsp/\libhal_bsp.a(altera_avalon_jtag_uart_fd.o)
                0x0000000008000c80                altera_avalon_jtag_uart_read_fd
                0x0000000008000ce0                altera_avalon_jtag_uart_write_fd
                0x0000000008000d40                altera_avalon_jtag_uart_close_fd
                0x0000000008000d90                altera_avalon_jtag_uart_ioctl_fd
 .text          0x0000000008000de4      0x3d8 ../algorithm_bsp/\libhal_bsp.a(altera_avalon_jtag_uart_init.o)
                0x0000000008000de4                altera_avalon_jtag_uart_init
                0x0000000008001154                altera_avalon_jtag_uart_close
 .text          0x00000000080011bc       0xec ../algorithm_bsp/\libhal_bsp.a(altera_avalon_jtag_uart_ioctl.o)
                0x00000000080011bc                altera_avalon_jtag_uart_ioctl
 .text          0x00000000080012a8      0x20c ../algorithm_bsp/\libhal_bsp.a(altera_avalon_jtag_uart_read.o)
                0x00000000080012a8                altera_avalon_jtag_uart_read
 .text          0x00000000080014b4      0x218 ../algorithm_bsp/\libhal_bsp.a(altera_avalon_jtag_uart_write.o)
                0x00000000080014b4                altera_avalon_jtag_uart_write
 .text          0x00000000080016cc       0xfc ../algorithm_bsp/\libhal_bsp.a(altera_avalon_timer_sc.o)
                0x0000000008001740                alt_avalon_timer_sc_init
 .text          0x00000000080017c8      0x140 ../algorithm_bsp/\libhal_bsp.a(alt_alarm_start.o)
                0x00000000080017c8                alt_alarm_start
 .text          0x0000000008001908      0x120 ../algorithm_bsp/\libhal_bsp.a(alt_close.o)
                0x0000000008001958                close
 .text          0x0000000008001a28       0x1c ../algorithm_bsp/\libhal_bsp.a(alt_dcache_flush_all.o)
                0x0000000008001a28                alt_dcache_flush_all
 .text          0x0000000008001a44       0x2c ../algorithm_bsp/\libhal_bsp.a(alt_dev.o)
 .text          0x0000000008001a70       0xf4 ../algorithm_bsp/\libhal_bsp.a(alt_dev_llist_insert.o)
                0x0000000008001ac0                alt_dev_llist_insert
 .text          0x0000000008001b64       0x5c ../algorithm_bsp/\libhal_bsp.a(alt_do_ctors.o)
                0x0000000008001b64                _do_ctors
 .text          0x0000000008001bc0       0x5c ../algorithm_bsp/\libhal_bsp.a(alt_do_dtors.o)
                0x0000000008001bc0                _do_dtors
 .text          0x0000000008001c1c        0x0 ../algorithm_bsp/\libhal_bsp.a(alt_errno.o)
 .text          0x0000000008001c1c       0x30 ../algorithm_bsp/\libhal_bsp.a(alt_icache_flush_all.o)
                0x0000000008001c1c                alt_icache_flush_all
 .text          0x0000000008001c4c      0x1e0 ../algorithm_bsp/\libhal_bsp.a(alt_iic.o)
                0x0000000008001c4c                alt_ic_isr_register
                0x0000000008001c9c                alt_ic_irq_enable
                0x0000000008001d3c                alt_ic_irq_disable
                0x0000000008001de0                alt_ic_irq_enabled
 .text          0x0000000008001e2c       0xf0 ../algorithm_bsp/\libhal_bsp.a(alt_iic_isr_register.o)
                0x0000000008001e2c                alt_iic_isr_register
 .text          0x0000000008001f1c      0x138 ../algorithm_bsp/\libhal_bsp.a(alt_io_redirect.o)
                0x0000000008001fdc                alt_io_redirect
 .text          0x0000000008002054        0x0 ../algorithm_bsp/\libhal_bsp.a(alt_irq_entry.o)
 .text          0x0000000008002054        0x0 ../algorithm_bsp/\libhal_bsp.a(alt_irq_handler.o)
 .text          0x0000000008002054        0x0 ../algorithm_bsp/\libhal_bsp.a(alt_irq_vars.o)
 .text          0x0000000008002054      0x274 ../algorithm_bsp/\libhal_bsp.a(alt_open.o)
                0x0000000008002170                open
 .text          0x00000000080022c8       0x60 ../algorithm_bsp/\libhal_bsp.a(alt_release_fd.o)
                0x00000000080022c8                alt_release_fd
 .text          0x0000000008002328      0x19c ../algorithm_bsp/\libhal_bsp.a(alt_tick.o)
                0x0000000008002328                alt_alarm_stop
                0x00000000080023c0                alt_tick
 .text          0x00000000080024c4       0x20 ../algorithm_bsp/\libhal_bsp.a(altera_nios2_qsys_irq.o)
                0x00000000080024c4                altera_nios2_qsys_irq_init
 .text          0x00000000080024e4        0x0 ../algorithm_bsp/\libhal_bsp.a(alt_exception_entry.o)
 .text          0x00000000080024e4       0x90 ../algorithm_bsp/\libhal_bsp.a(alt_find_dev.o)
                0x00000000080024e4                alt_find_dev
 .text          0x0000000008002574      0x114 ../algorithm_bsp/\libhal_bsp.a(alt_find_file.o)
                0x0000000008002574                alt_find_file
 .text          0x0000000008002688       0xb4 ../algorithm_bsp/\libhal_bsp.a(alt_get_fd.o)
                0x0000000008002688                alt_get_fd
 .text          0x000000000800273c       0x8c ../algorithm_bsp/\libhal_bsp.a(alt_icache_flush.o)
                0x000000000800273c                alt_icache_flush
 .text          0x00000000080027c8       0x14 c:/altera/15.0/nios2eds/bin/gnu/h-x86_64-mingw32/bin/../lib/gcc/nios2-elf/4.9.1/../../../../../H-x86_64-mingw32/nios2-elf/lib\libc.a(lib_a-atexit.o)
                0x00000000080027c8                atexit
 .text          0x00000000080027dc       0x38 c:/altera/15.0/nios2eds/bin/gnu/h-x86_64-mingw32/bin/../lib/gcc/nios2-elf/4.9.1/../../../../../H-x86_64-mingw32/nios2-elf/lib\libc.a(lib_a-exit.o)
                0x00000000080027dc                exit
 .text          0x0000000008002814        0x0 c:/altera/15.0/nios2eds/bin/gnu/h-x86_64-mingw32/bin/../lib/gcc/nios2-elf/4.9.1/../../../../../H-x86_64-mingw32/nios2-elf/lib\libc.a(lib_a-impure.o)
 .text          0x0000000008002814        0x0 c:/altera/15.0/nios2eds/bin/gnu/h-x86_64-mingw32/bin/../lib/gcc/nios2-elf/4.9.1/../../../../../H-x86_64-mingw32/nios2-elf/lib\libc.a(lib_a-int_errno.o)
 .text          0x0000000008002814       0x7c c:/altera/15.0/nios2eds/bin/gnu/h-x86_64-mingw32/bin/../lib/gcc/nios2-elf/4.9.1/../../../../../H-x86_64-mingw32/nios2-elf/lib\libc.a(lib_a-memcmp.o)
                0x0000000008002814                memcmp
 .text          0x0000000008002890       0x98 c:/altera/15.0/nios2eds/bin/gnu/h-x86_64-mingw32/bin/../lib/gcc/nios2-elf/4.9.1/../../../../../H-x86_64-mingw32/nios2-elf/lib\libc.a(lib_a-strlen.o)
                0x0000000008002890                strlen
 .text          0x0000000008002928      0x114 c:/altera/15.0/nios2eds/bin/gnu/h-x86_64-mingw32/bin/../lib/gcc/nios2-elf/4.9.1/../../../../../H-x86_64-mingw32/nios2-elf/lib\libc.a(lib_a-__atexit.o)
                0x0000000008002928                __register_exitproc
 .text          0x0000000008002a3c      0x194 c:/altera/15.0/nios2eds/bin/gnu/h-x86_64-mingw32/bin/../lib/gcc/nios2-elf/4.9.1/../../../../../H-x86_64-mingw32/nios2-elf/lib\libc.a(lib_a-__call_atexit.o)
                0x0000000008002a3c                __call_exitprocs
 .text          0x0000000008002bd0       0x34 ../algorithm_bsp/\libhal_bsp.a(alt_exit.o)
                0x0000000008002bd0                _exit
 *(.gnu.warning.*)
 *(.fini)
                0x0000000008002c04                PROVIDE (__etext, ABSOLUTE (.))
                0x0000000008002c04                PROVIDE (_etext, ABSOLUTE (.))
                0x0000000008002c04                PROVIDE (etext, ABSOLUTE (.))
 *(.eh_frame_hdr)
                0x0000000008002c04                . = ALIGN (0x4)
                0x0000000008002c04                PROVIDE (__preinit_array_start, ABSOLUTE (.))
 *(.preinit_array)
                0x0000000008002c04                PROVIDE (__preinit_array_end, ABSOLUTE (.))
                0x0000000008002c04                PROVIDE (__init_array_start, ABSOLUTE (.))
 *(.init_array)
                0x0000000008002c04                PROVIDE (__init_array_end, ABSOLUTE (.))
                0x0000000008002c04                PROVIDE (__fini_array_start, ABSOLUTE (.))
 *(.fini_array)
                0x0000000008002c04                PROVIDE (__fini_array_end, ABSOLUTE (.))
 *(.eh_frame)
 *(.gcc_except_table .gcc_except_table.*)
 *(.dynamic)
                0x0000000008002c04                PROVIDE (__CTOR_LIST__, ABSOLUTE (.))
 *(.ctors)
 *(SORT(.ctors.*))
                0x0000000008002c04                PROVIDE (__CTOR_END__, ABSOLUTE (.))
                0x0000000008002c04                PROVIDE (__DTOR_LIST__, ABSOLUTE (.))
 *(.dtors)
 *(SORT(.dtors.*))
                0x0000000008002c04                PROVIDE (__DTOR_END__, ABSOLUTE (.))
 *(.jcr)
                0x0000000008002c04                . = ALIGN (0x4)

.rodata         0x0000000008002c04      0x290
                0x0000000008002c04                PROVIDE (__ram_rodata_start, ABSOLUTE (.))
                0x0000000008002c04                . = ALIGN (0x4)
 *(.rodata .rodata.* .gnu.linkonce.r.*)
 .rodata        0x0000000008002c04      0x258 obj/default/hello_world.o
 .rodata        0x0000000008002e5c       0x14 ../algorithm_bsp/\libhal_bsp.a(alt_main.o)
 .rodata        0x0000000008002e70       0x14 ../algorithm_bsp/\libhal_bsp.a(alt_sys_init.o)
 .rodata        0x0000000008002e84        0xc ../algorithm_bsp/\libhal_bsp.a(alt_dev.o)
 .rodata.str1.4
                0x0000000008002e90        0x4 c:/altera/15.0/nios2eds/bin/gnu/h-x86_64-mingw32/bin/../lib/gcc/nios2-elf/4.9.1/../../../../../H-x86_64-mingw32/nios2-elf/lib\libc.a(lib_a-impure.o)
 *(.rodata1)
                0x0000000008002e94                . = ALIGN (0x4)
                0x0000000008002e94                PROVIDE (__ram_rodata_end, ABSOLUTE (.))
                0x0000000008002c04                PROVIDE (__flash_rodata_start, LOADADDR (.rodata))

.rwdata         0x0000000008002e94     0x1658 load address 0x00000000080044ec
                0x0000000008002e94                PROVIDE (__ram_rwdata_start, ABSOLUTE (.))
                0x0000000008002e94                . = ALIGN (0x4)
 *(.got.plt)
 *(.got)
 *(.data1)
 *(.data .data.* .gnu.linkonce.d.*)
 .data          0x0000000008002e94        0x0 ../algorithm_bsp//obj/HAL/src/crt0.o
 .data          0x0000000008002e94        0x0 obj/default/hello_world.o
 .data          0x0000000008002e94        0x0 c:/altera/15.0/nios2eds/bin/gnu/h-x86_64-mingw32/bin/../lib/gcc/nios2-elf/4.9.1/../../../../../H-x86_64-mingw32/nios2-elf/lib\libc.a(lib_a-memcpy.o)
 .data          0x0000000008002e94        0x0 c:/altera/15.0/nios2eds/bin/gnu/h-x86_64-mingw32/bin/../lib/gcc/nios2-elf/4.9.1/../../../../../H-x86_64-mingw32/nios2-elf/lib\libc.a(lib_a-memset.o)
 .data          0x0000000008002e94        0x0 ../algorithm_bsp/\libhal_bsp.a(alt_load.o)
 .data          0x0000000008002e94        0x0 ../algorithm_bsp/\libhal_bsp.a(alt_main.o)
 .data          0x0000000008002e94     0x1060 ../algorithm_bsp/\libhal_bsp.a(alt_sys_init.o)
 .data          0x0000000008003ef4        0x0 ../algorithm_bsp/\libhal_bsp.a(altera_avalon_jtag_uart_fd.o)
 .data          0x0000000008003ef4        0x0 ../algorithm_bsp/\libhal_bsp.a(altera_avalon_jtag_uart_init.o)
 .data          0x0000000008003ef4        0x0 ../algorithm_bsp/\libhal_bsp.a(altera_avalon_jtag_uart_ioctl.o)
 .data          0x0000000008003ef4        0x0 ../algorithm_bsp/\libhal_bsp.a(altera_avalon_jtag_uart_read.o)
 .data          0x0000000008003ef4        0x0 ../algorithm_bsp/\libhal_bsp.a(altera_avalon_jtag_uart_write.o)
 .data          0x0000000008003ef4        0x0 ../algorithm_bsp/\libhal_bsp.a(altera_avalon_timer_sc.o)
 .data          0x0000000008003ef4        0x0 ../algorithm_bsp/\libhal_bsp.a(alt_alarm_start.o)
 .data          0x0000000008003ef4        0x0 ../algorithm_bsp/\libhal_bsp.a(alt_close.o)
 .data          0x0000000008003ef4        0x0 ../algorithm_bsp/\libhal_bsp.a(alt_dcache_flush_all.o)
 .data          0x0000000008003ef4      0x1a8 ../algorithm_bsp/\libhal_bsp.a(alt_dev.o)
                0x0000000008003ef4                alt_dev_null
                0x0000000008003f1c                alt_fd_list
 .data          0x000000000800409c        0x0 ../algorithm_bsp/\libhal_bsp.a(alt_dev_llist_insert.o)
 .data          0x000000000800409c        0x0 ../algorithm_bsp/\libhal_bsp.a(alt_do_ctors.o)
 .data          0x000000000800409c        0x0 ../algorithm_bsp/\libhal_bsp.a(alt_do_dtors.o)
 .data          0x000000000800409c        0x0 ../algorithm_bsp/\libhal_bsp.a(alt_errno.o)
 .data          0x000000000800409c        0x0 ../algorithm_bsp/\libhal_bsp.a(alt_icache_flush_all.o)
 .data          0x000000000800409c        0x0 ../algorithm_bsp/\libhal_bsp.a(alt_iic.o)
 .data          0x000000000800409c        0x0 ../algorithm_bsp/\libhal_bsp.a(alt_iic_isr_register.o)
 .data          0x000000000800409c        0x0 ../algorithm_bsp/\libhal_bsp.a(alt_io_redirect.o)
 .data          0x000000000800409c        0x0 ../algorithm_bsp/\libhal_bsp.a(alt_irq_entry.o)
 .data          0x000000000800409c        0x0 ../algorithm_bsp/\libhal_bsp.a(alt_irq_handler.o)
 .data          0x000000000800409c        0x0 ../algorithm_bsp/\libhal_bsp.a(alt_irq_vars.o)
 .data          0x000000000800409c        0x0 ../algorithm_bsp/\libhal_bsp.a(alt_open.o)
 .data          0x000000000800409c        0x0 ../algorithm_bsp/\libhal_bsp.a(alt_release_fd.o)
 .data          0x000000000800409c        0x0 ../algorithm_bsp/\libhal_bsp.a(alt_tick.o)
 .data          0x000000000800409c        0x0 ../algorithm_bsp/\libhal_bsp.a(altera_nios2_qsys_irq.o)
 .data          0x000000000800409c        0x0 ../algorithm_bsp/\libhal_bsp.a(alt_exception_entry.o)
 .data          0x000000000800409c        0x0 ../algorithm_bsp/\libhal_bsp.a(alt_find_dev.o)
 .data          0x000000000800409c        0x0 ../algorithm_bsp/\libhal_bsp.a(alt_find_file.o)
 .data          0x000000000800409c        0x0 ../algorithm_bsp/\libhal_bsp.a(alt_get_fd.o)
 .data          0x000000000800409c        0x0 ../algorithm_bsp/\libhal_bsp.a(alt_icache_flush.o)
 .data          0x000000000800409c        0x0 c:/altera/15.0/nios2eds/bin/gnu/h-x86_64-mingw32/bin/../lib/gcc/nios2-elf/4.9.1/../../../../../H-x86_64-mingw32/nios2-elf/lib\libc.a(lib_a-atexit.o)
 .data          0x000000000800409c        0x0 c:/altera/15.0/nios2eds/bin/gnu/h-x86_64-mingw32/bin/../lib/gcc/nios2-elf/4.9.1/../../../../../H-x86_64-mingw32/nios2-elf/lib\libc.a(lib_a-exit.o)
 .data          0x000000000800409c      0x424 c:/altera/15.0/nios2eds/bin/gnu/h-x86_64-mingw32/bin/../lib/gcc/nios2-elf/4.9.1/../../../../../H-x86_64-mingw32/nios2-elf/lib\libc.a(lib_a-impure.o)
 .data          0x00000000080044c0        0x0 c:/altera/15.0/nios2eds/bin/gnu/h-x86_64-mingw32/bin/../lib/gcc/nios2-elf/4.9.1/../../../../../H-x86_64-mingw32/nios2-elf/lib\libc.a(lib_a-int_errno.o)
 .data          0x00000000080044c0        0x0 c:/altera/15.0/nios2eds/bin/gnu/h-x86_64-mingw32/bin/../lib/gcc/nios2-elf/4.9.1/../../../../../H-x86_64-mingw32/nios2-elf/lib\libc.a(lib_a-memcmp.o)
 .data          0x00000000080044c0        0x0 c:/altera/15.0/nios2eds/bin/gnu/h-x86_64-mingw32/bin/../lib/gcc/nios2-elf/4.9.1/../../../../../H-x86_64-mingw32/nios2-elf/lib\libc.a(lib_a-strlen.o)
 .data          0x00000000080044c0        0x0 c:/altera/15.0/nios2eds/bin/gnu/h-x86_64-mingw32/bin/../lib/gcc/nios2-elf/4.9.1/../../../../../H-x86_64-mingw32/nios2-elf/lib\libc.a(lib_a-__atexit.o)
 .data          0x00000000080044c0        0x0 c:/altera/15.0/nios2eds/bin/gnu/h-x86_64-mingw32/bin/../lib/gcc/nios2-elf/4.9.1/../../../../../H-x86_64-mingw32/nios2-elf/lib\libc.a(lib_a-__call_atexit.o)
 .data          0x00000000080044c0        0x0 ../algorithm_bsp/\libhal_bsp.a(alt_exit.o)
                0x000000000800c4c0                _gp = ABSOLUTE ((. + 0x8000))
                0x000000000800c4c0                PROVIDE (gp, _gp)
 *(.rwdata .rwdata.*)
 *(.sdata .sdata.* .gnu.linkonce.s.*)
 .sdata         0x00000000080044c0       0x14 ../algorithm_bsp/\libhal_bsp.a(alt_dev.o)
                0x00000000080044c0                alt_fs_list
                0x00000000080044c8                alt_dev_list
                0x00000000080044d0                alt_max_fd
 .sdata         0x00000000080044d4        0x4 ../algorithm_bsp/\libhal_bsp.a(alt_errno.o)
                0x00000000080044d4                alt_errno
 .sdata         0x00000000080044d8        0x4 ../algorithm_bsp/\libhal_bsp.a(alt_irq_vars.o)
                0x00000000080044d8                alt_priority_mask
 .sdata         0x00000000080044dc        0x8 ../algorithm_bsp/\libhal_bsp.a(alt_tick.o)
                0x00000000080044dc                alt_alarm_list
 .sdata         0x00000000080044e4        0x8 c:/altera/15.0/nios2eds/bin/gnu/h-x86_64-mingw32/bin/../lib/gcc/nios2-elf/4.9.1/../../../../../H-x86_64-mingw32/nios2-elf/lib\libc.a(lib_a-impure.o)
                0x00000000080044e4                _global_impure_ptr
                0x00000000080044e8                _impure_ptr
 *(.sdata2 .sdata2.* .gnu.linkonce.s2.*)
                0x00000000080044ec                . = ALIGN (0x4)
                0x00000000080044ec                _edata = ABSOLUTE (.)
                0x00000000080044ec                PROVIDE (edata, ABSOLUTE (.))
                0x00000000080044ec                PROVIDE (__ram_rwdata_end, ABSOLUTE (.))
                0x00000000080044ec                PROVIDE (__flash_rwdata_start, LOADADDR (.rwdata))

.bss            0x0000000008005b44      0x11c
                0x0000000008005b44                __bss_start = ABSOLUTE (.)
                0x0000000008005b44                PROVIDE (__sbss_start, ABSOLUTE (.))
                0x0000000008005b44                PROVIDE (___sbss_start, ABSOLUTE (.))
 *(.dynsbss)
 *(.sbss .sbss.* .gnu.linkonce.sb.*)
 .sbss          0x0000000008005b44        0xc ../algorithm_bsp/\libhal_bsp.a(alt_main.o)
                0x0000000008005b44                alt_argc
                0x0000000008005b48                alt_argv
                0x0000000008005b4c                alt_envp
 .sbss          0x0000000008005b50        0x4 ../algorithm_bsp/\libhal_bsp.a(alt_irq_vars.o)
                0x0000000008005b50                alt_irq_active
 .sbss          0x0000000008005b54        0x8 ../algorithm_bsp/\libhal_bsp.a(alt_tick.o)
                0x0000000008005b54                _alt_tick_rate
                0x0000000008005b58                _alt_nticks
 .sbss          0x0000000008005b5c        0x4 c:/altera/15.0/nios2eds/bin/gnu/h-x86_64-mingw32/bin/../lib/gcc/nios2-elf/4.9.1/../../../../../H-x86_64-mingw32/nios2-elf/lib\libc.a(lib_a-int_errno.o)
                0x0000000008005b5c                errno
 *(.sbss2 .sbss2.* .gnu.linkonce.sb2.*)
 *(.scommon)
                0x0000000008005b60                PROVIDE (__sbss_end, ABSOLUTE (.))
                0x0000000008005b60                PROVIDE (___sbss_end, ABSOLUTE (.))
 *(.dynbss)
 *(.bss .bss.* .gnu.linkonce.b.*)
 .bss           0x0000000008005b60        0x0 ../algorithm_bsp//obj/HAL/src/crt0.o
 .bss           0x0000000008005b60        0x0 obj/default/hello_world.o
 .bss           0x0000000008005b60        0x0 c:/altera/15.0/nios2eds/bin/gnu/h-x86_64-mingw32/bin/../lib/gcc/nios2-elf/4.9.1/../../../../../H-x86_64-mingw32/nios2-elf/lib\libc.a(lib_a-memcpy.o)
 .bss           0x0000000008005b60        0x0 c:/altera/15.0/nios2eds/bin/gnu/h-x86_64-mingw32/bin/../lib/gcc/nios2-elf/4.9.1/../../../../../H-x86_64-mingw32/nios2-elf/lib\libc.a(lib_a-memset.o)
 .bss           0x0000000008005b60        0x0 ../algorithm_bsp/\libhal_bsp.a(alt_load.o)
 .bss           0x0000000008005b60        0x0 ../algorithm_bsp/\libhal_bsp.a(alt_main.o)
 .bss           0x0000000008005b60        0x0 ../algorithm_bsp/\libhal_bsp.a(alt_sys_init.o)
 .bss           0x0000000008005b60        0x0 ../algorithm_bsp/\libhal_bsp.a(altera_avalon_jtag_uart_fd.o)
 .bss           0x0000000008005b60        0x0 ../algorithm_bsp/\libhal_bsp.a(altera_avalon_jtag_uart_init.o)
 .bss           0x0000000008005b60        0x0 ../algorithm_bsp/\libhal_bsp.a(altera_avalon_jtag_uart_ioctl.o)
 .bss           0x0000000008005b60        0x0 ../algorithm_bsp/\libhal_bsp.a(altera_avalon_jtag_uart_read.o)
 .bss           0x0000000008005b60        0x0 ../algorithm_bsp/\libhal_bsp.a(altera_avalon_jtag_uart_write.o)
 .bss           0x0000000008005b60        0x0 ../algorithm_bsp/\libhal_bsp.a(altera_avalon_timer_sc.o)
 .bss           0x0000000008005b60        0x0 ../algorithm_bsp/\libhal_bsp.a(alt_alarm_start.o)
 .bss           0x0000000008005b60        0x0 ../algorithm_bsp/\libhal_bsp.a(alt_close.o)
 .bss           0x0000000008005b60        0x0 ../algorithm_bsp/\libhal_bsp.a(alt_dcache_flush_all.o)
 .bss           0x0000000008005b60        0x0 ../algorithm_bsp/\libhal_bsp.a(alt_dev.o)
 .bss           0x0000000008005b60        0x0 ../algorithm_bsp/\libhal_bsp.a(alt_dev_llist_insert.o)
 .bss           0x0000000008005b60        0x0 ../algorithm_bsp/\libhal_bsp.a(alt_do_ctors.o)
 .bss           0x0000000008005b60        0x0 ../algorithm_bsp/\libhal_bsp.a(alt_do_dtors.o)
 .bss           0x0000000008005b60        0x0 ../algorithm_bsp/\libhal_bsp.a(alt_errno.o)
 .bss           0x0000000008005b60        0x0 ../algorithm_bsp/\libhal_bsp.a(alt_icache_flush_all.o)
 .bss           0x0000000008005b60        0x0 ../algorithm_bsp/\libhal_bsp.a(alt_iic.o)
 .bss           0x0000000008005b60        0x0 ../algorithm_bsp/\libhal_bsp.a(alt_iic_isr_register.o)
 .bss           0x0000000008005b60        0x0 ../algorithm_bsp/\libhal_bsp.a(alt_io_redirect.o)
 .bss           0x0000000008005b60        0x0 ../algorithm_bsp/\libhal_bsp.a(alt_irq_entry.o)
 .bss           0x0000000008005b60        0x0 ../algorithm_bsp/\libhal_bsp.a(alt_irq_handler.o)
 .bss           0x0000000008005b60        0x0 ../algorithm_bsp/\libhal_bsp.a(alt_irq_vars.o)
 .bss           0x0000000008005b60        0x0 ../algorithm_bsp/\libhal_bsp.a(alt_open.o)
 .bss           0x0000000008005b60        0x0 ../algorithm_bsp/\libhal_bsp.a(alt_release_fd.o)
 .bss           0x0000000008005b60        0x0 ../algorithm_bsp/\libhal_bsp.a(alt_tick.o)
 .bss           0x0000000008005b60        0x0 ../algorithm_bsp/\libhal_bsp.a(altera_nios2_qsys_irq.o)
 .bss           0x0000000008005b60        0x0 ../algorithm_bsp/\libhal_bsp.a(alt_exception_entry.o)
 .bss           0x0000000008005b60        0x0 ../algorithm_bsp/\libhal_bsp.a(alt_find_dev.o)
 .bss           0x0000000008005b60        0x0 ../algorithm_bsp/\libhal_bsp.a(alt_find_file.o)
 .bss           0x0000000008005b60        0x0 ../algorithm_bsp/\libhal_bsp.a(alt_get_fd.o)
 .bss           0x0000000008005b60        0x0 ../algorithm_bsp/\libhal_bsp.a(alt_icache_flush.o)
 .bss           0x0000000008005b60        0x0 c:/altera/15.0/nios2eds/bin/gnu/h-x86_64-mingw32/bin/../lib/gcc/nios2-elf/4.9.1/../../../../../H-x86_64-mingw32/nios2-elf/lib\libc.a(lib_a-atexit.o)
 .bss           0x0000000008005b60        0x0 c:/altera/15.0/nios2eds/bin/gnu/h-x86_64-mingw32/bin/../lib/gcc/nios2-elf/4.9.1/../../../../../H-x86_64-mingw32/nios2-elf/lib\libc.a(lib_a-exit.o)
 .bss           0x0000000008005b60        0x0 c:/altera/15.0/nios2eds/bin/gnu/h-x86_64-mingw32/bin/../lib/gcc/nios2-elf/4.9.1/../../../../../H-x86_64-mingw32/nios2-elf/lib\libc.a(lib_a-impure.o)
 .bss           0x0000000008005b60        0x0 c:/altera/15.0/nios2eds/bin/gnu/h-x86_64-mingw32/bin/../lib/gcc/nios2-elf/4.9.1/../../../../../H-x86_64-mingw32/nios2-elf/lib\libc.a(lib_a-int_errno.o)
 .bss           0x0000000008005b60        0x0 c:/altera/15.0/nios2eds/bin/gnu/h-x86_64-mingw32/bin/../lib/gcc/nios2-elf/4.9.1/../../../../../H-x86_64-mingw32/nios2-elf/lib\libc.a(lib_a-memcmp.o)
 .bss           0x0000000008005b60        0x0 c:/altera/15.0/nios2eds/bin/gnu/h-x86_64-mingw32/bin/../lib/gcc/nios2-elf/4.9.1/../../../../../H-x86_64-mingw32/nios2-elf/lib\libc.a(lib_a-strlen.o)
 .bss           0x0000000008005b60        0x0 c:/altera/15.0/nios2eds/bin/gnu/h-x86_64-mingw32/bin/../lib/gcc/nios2-elf/4.9.1/../../../../../H-x86_64-mingw32/nios2-elf/lib\libc.a(lib_a-__atexit.o)
 .bss           0x0000000008005b60        0x0 c:/altera/15.0/nios2eds/bin/gnu/h-x86_64-mingw32/bin/../lib/gcc/nios2-elf/4.9.1/../../../../../H-x86_64-mingw32/nios2-elf/lib\libc.a(lib_a-__call_atexit.o)
 .bss           0x0000000008005b60        0x0 ../algorithm_bsp/\libhal_bsp.a(alt_exit.o)
 *(COMMON)
 COMMON         0x0000000008005b60      0x100 ../algorithm_bsp/\libhal_bsp.a(alt_irq_handler.o)
                0x0000000008005b60                alt_irq
                0x0000000008005c60                . = ALIGN (0x4)
                0x0000000008005c60                __bss_end = ABSOLUTE (.)

.sdram          0x0000000008005c60        0x0
                0x0000000008005c60                PROVIDE (_alt_partition_sdram_start, ABSOLUTE (.))
 *(.sdram .sdram. sdram.*)
                0x0000000008005c60                . = ALIGN (0x4)
                0x0000000008005c60                PROVIDE (_alt_partition_sdram_end, ABSOLUTE (.))
                0x0000000008005c60                _end = ABSOLUTE (.)
                0x0000000008005c60                end = ABSOLUTE (.)
                0x0000000008005c60                __alt_stack_base = ABSOLUTE (.)
                0x0000000008005c60                PROVIDE (_alt_partition_sdram_load_addr, LOADADDR (.sdram))

.stab
 *(.stab)

.stabstr
 *(.stabstr)

.stab.excl
 *(.stab.excl)

.stab.exclstr
 *(.stab.exclstr)

.stab.index
 *(.stab.index)

.stab.indexstr
 *(.stab.indexstr)

.comment        0x0000000000000000       0x23
 *(.comment)
 .comment       0x0000000000000000       0x23 obj/default/hello_world.o
                                         0x24 (size before relaxing)
 .comment       0x0000000000000000       0x24 c:/altera/15.0/nios2eds/bin/gnu/h-x86_64-mingw32/bin/../lib/gcc/nios2-elf/4.9.1/../../../../../H-x86_64-mingw32/nios2-elf/lib\libc.a(lib_a-memcpy.o)
 .comment       0x0000000000000000       0x24 c:/altera/15.0/nios2eds/bin/gnu/h-x86_64-mingw32/bin/../lib/gcc/nios2-elf/4.9.1/../../../../../H-x86_64-mingw32/nios2-elf/lib\libc.a(lib_a-memset.o)
 .comment       0x0000000000000000       0x24 ../algorithm_bsp/\libhal_bsp.a(alt_load.o)
 .comment       0x0000000000000000       0x24 ../algorithm_bsp/\libhal_bsp.a(alt_main.o)
 .comment       0x0000000000000000       0x24 ../algorithm_bsp/\libhal_bsp.a(alt_sys_init.o)
 .comment       0x0000000000000000       0x24 ../algorithm_bsp/\libhal_bsp.a(altera_avalon_jtag_uart_fd.o)
 .comment       0x0000000000000000       0x24 ../algorithm_bsp/\libhal_bsp.a(altera_avalon_jtag_uart_init.o)
 .comment       0x0000000000000000       0x24 ../algorithm_bsp/\libhal_bsp.a(altera_avalon_jtag_uart_ioctl.o)
 .comment       0x0000000000000000       0x24 ../algorithm_bsp/\libhal_bsp.a(altera_avalon_jtag_uart_read.o)
 .comment       0x0000000000000000       0x24 ../algorithm_bsp/\libhal_bsp.a(altera_avalon_jtag_uart_write.o)
 .comment       0x0000000000000000       0x24 ../algorithm_bsp/\libhal_bsp.a(altera_avalon_timer_sc.o)
 .comment       0x0000000000000000       0x24 ../algorithm_bsp/\libhal_bsp.a(alt_alarm_start.o)
 .comment       0x0000000000000000       0x24 ../algorithm_bsp/\libhal_bsp.a(alt_close.o)
 .comment       0x0000000000000000       0x24 ../algorithm_bsp/\libhal_bsp.a(alt_dcache_flush_all.o)
 .comment       0x0000000000000000       0x24 ../algorithm_bsp/\libhal_bsp.a(alt_dev.o)
 .comment       0x0000000000000000       0x24 ../algorithm_bsp/\libhal_bsp.a(alt_dev_llist_insert.o)
 .comment       0x0000000000000000       0x24 ../algorithm_bsp/\libhal_bsp.a(alt_do_ctors.o)
 .comment       0x0000000000000000       0x24 ../algorithm_bsp/\libhal_bsp.a(alt_do_dtors.o)
 .comment       0x0000000000000000       0x24 ../algorithm_bsp/\libhal_bsp.a(alt_errno.o)
 .comment       0x0000000000000000       0x24 ../algorithm_bsp/\libhal_bsp.a(alt_icache_flush_all.o)
 .comment       0x0000000000000000       0x24 ../algorithm_bsp/\libhal_bsp.a(alt_iic.o)
 .comment       0x0000000000000000       0x24 ../algorithm_bsp/\libhal_bsp.a(alt_iic_isr_register.o)
 .comment       0x0000000000000000       0x24 ../algorithm_bsp/\libhal_bsp.a(alt_io_redirect.o)
 .comment       0x0000000000000000       0x24 ../algorithm_bsp/\libhal_bsp.a(alt_irq_handler.o)
 .comment       0x0000000000000000       0x24 ../algorithm_bsp/\libhal_bsp.a(alt_irq_vars.o)
 .comment       0x0000000000000000       0x24 ../algorithm_bsp/\libhal_bsp.a(alt_open.o)
 .comment       0x0000000000000000       0x24 ../algorithm_bsp/\libhal_bsp.a(alt_release_fd.o)
 .comment       0x0000000000000000       0x24 ../algorithm_bsp/\libhal_bsp.a(alt_tick.o)
 .comment       0x0000000000000000       0x24 ../algorithm_bsp/\libhal_bsp.a(altera_nios2_qsys_irq.o)
 .comment       0x0000000000000000       0x24 ../algorithm_bsp/\libhal_bsp.a(alt_find_dev.o)
 .comment       0x0000000000000000       0x24 ../algorithm_bsp/\libhal_bsp.a(alt_find_file.o)
 .comment       0x0000000000000000       0x24 ../algorithm_bsp/\libhal_bsp.a(alt_get_fd.o)
 .comment       0x0000000000000000       0x24 ../algorithm_bsp/\libhal_bsp.a(alt_icache_flush.o)
 .comment       0x0000000000000000       0x24 c:/altera/15.0/nios2eds/bin/gnu/h-x86_64-mingw32/bin/../lib/gcc/nios2-elf/4.9.1/../../../../../H-x86_64-mingw32/nios2-elf/lib\libc.a(lib_a-atexit.o)
 .comment       0x0000000000000000       0x24 c:/altera/15.0/nios2eds/bin/gnu/h-x86_64-mingw32/bin/../lib/gcc/nios2-elf/4.9.1/../../../../../H-x86_64-mingw32/nios2-elf/lib\libc.a(lib_a-exit.o)
 .comment       0x0000000000000000       0x24 c:/altera/15.0/nios2eds/bin/gnu/h-x86_64-mingw32/bin/../lib/gcc/nios2-elf/4.9.1/../../../../../H-x86_64-mingw32/nios2-elf/lib\libc.a(lib_a-impure.o)
 .comment       0x0000000000000000       0x24 c:/altera/15.0/nios2eds/bin/gnu/h-x86_64-mingw32/bin/../lib/gcc/nios2-elf/4.9.1/../../../../../H-x86_64-mingw32/nios2-elf/lib\libc.a(lib_a-int_errno.o)
 .comment       0x0000000000000000       0x24 c:/altera/15.0/nios2eds/bin/gnu/h-x86_64-mingw32/bin/../lib/gcc/nios2-elf/4.9.1/../../../../../H-x86_64-mingw32/nios2-elf/lib\libc.a(lib_a-memcmp.o)
 .comment       0x0000000000000000       0x24 c:/altera/15.0/nios2eds/bin/gnu/h-x86_64-mingw32/bin/../lib/gcc/nios2-elf/4.9.1/../../../../../H-x86_64-mingw32/nios2-elf/lib\libc.a(lib_a-strlen.o)
 .comment       0x0000000000000000       0x24 c:/altera/15.0/nios2eds/bin/gnu/h-x86_64-mingw32/bin/../lib/gcc/nios2-elf/4.9.1/../../../../../H-x86_64-mingw32/nios2-elf/lib\libc.a(lib_a-__atexit.o)
 .comment       0x0000000000000000       0x24 c:/altera/15.0/nios2eds/bin/gnu/h-x86_64-mingw32/bin/../lib/gcc/nios2-elf/4.9.1/../../../../../H-x86_64-mingw32/nios2-elf/lib\libc.a(lib_a-__call_atexit.o)
 .comment       0x0000000000000000       0x24 ../algorithm_bsp/\libhal_bsp.a(alt_exit.o)

.debug
 *(.debug)

.line
 *(.line)

.debug_srcinfo
 *(.debug_srcinfo)

.debug_sfnames
 *(.debug_sfnames)

.debug_aranges  0x0000000000000000      0x5d0
 *(.debug_aranges)
 .debug_aranges
                0x0000000000000000       0x28 ../algorithm_bsp//obj/HAL/src/crt0.o
 .debug_aranges
                0x0000000000000028       0x20 obj/default/hello_world.o
 .debug_aranges
                0x0000000000000048       0x20 c:/altera/15.0/nios2eds/bin/gnu/h-x86_64-mingw32/bin/../lib/gcc/nios2-elf/4.9.1/../../../../../H-x86_64-mingw32/nios2-elf/lib\libc.a(lib_a-memcpy.o)
 .debug_aranges
                0x0000000000000068       0x20 c:/altera/15.0/nios2eds/bin/gnu/h-x86_64-mingw32/bin/../lib/gcc/nios2-elf/4.9.1/../../../../../H-x86_64-mingw32/nios2-elf/lib\libc.a(lib_a-memset.o)
 .debug_aranges
                0x0000000000000088       0x20 ../algorithm_bsp/\libhal_bsp.a(alt_load.o)
 .debug_aranges
                0x00000000000000a8       0x20 ../algorithm_bsp/\libhal_bsp.a(alt_main.o)
 .debug_aranges
                0x00000000000000c8       0x20 ../algorithm_bsp/\libhal_bsp.a(alt_sys_init.o)
 .debug_aranges
                0x00000000000000e8       0x20 ../algorithm_bsp/\libhal_bsp.a(altera_avalon_jtag_uart_fd.o)
 .debug_aranges
                0x0000000000000108       0x20 ../algorithm_bsp/\libhal_bsp.a(altera_avalon_jtag_uart_init.o)
 .debug_aranges
                0x0000000000000128       0x20 ../algorithm_bsp/\libhal_bsp.a(altera_avalon_jtag_uart_ioctl.o)
 .debug_aranges
                0x0000000000000148       0x20 ../algorithm_bsp/\libhal_bsp.a(altera_avalon_jtag_uart_read.o)
 .debug_aranges
                0x0000000000000168       0x20 ../algorithm_bsp/\libhal_bsp.a(altera_avalon_jtag_uart_write.o)
 .debug_aranges
                0x0000000000000188       0x20 ../algorithm_bsp/\libhal_bsp.a(altera_avalon_timer_sc.o)
 .debug_aranges
                0x00000000000001a8       0x20 ../algorithm_bsp/\libhal_bsp.a(alt_alarm_start.o)
 .debug_aranges
                0x00000000000001c8       0x20 ../algorithm_bsp/\libhal_bsp.a(alt_close.o)
 .debug_aranges
                0x00000000000001e8       0x20 ../algorithm_bsp/\libhal_bsp.a(alt_dcache_flush_all.o)
 .debug_aranges
                0x0000000000000208       0x20 ../algorithm_bsp/\libhal_bsp.a(alt_dev.o)
 .debug_aranges
                0x0000000000000228       0x20 ../algorithm_bsp/\libhal_bsp.a(alt_dev_llist_insert.o)
 .debug_aranges
                0x0000000000000248       0x20 ../algorithm_bsp/\libhal_bsp.a(alt_do_ctors.o)
 .debug_aranges
                0x0000000000000268       0x20 ../algorithm_bsp/\libhal_bsp.a(alt_do_dtors.o)
 .debug_aranges
                0x0000000000000288       0x18 ../algorithm_bsp/\libhal_bsp.a(alt_errno.o)
 .debug_aranges
                0x00000000000002a0       0x20 ../algorithm_bsp/\libhal_bsp.a(alt_icache_flush_all.o)
 .debug_aranges
                0x00000000000002c0       0x20 ../algorithm_bsp/\libhal_bsp.a(alt_iic.o)
 .debug_aranges
                0x00000000000002e0       0x20 ../algorithm_bsp/\libhal_bsp.a(alt_iic_isr_register.o)
 .debug_aranges
                0x0000000000000300       0x20 ../algorithm_bsp/\libhal_bsp.a(alt_io_redirect.o)
 .debug_aranges
                0x0000000000000320       0x30 ../algorithm_bsp/\libhal_bsp.a(alt_irq_entry.o)
 .debug_aranges
                0x0000000000000350       0x20 ../algorithm_bsp/\libhal_bsp.a(alt_irq_handler.o)
 .debug_aranges
                0x0000000000000370       0x18 ../algorithm_bsp/\libhal_bsp.a(alt_irq_vars.o)
 .debug_aranges
                0x0000000000000388       0x20 ../algorithm_bsp/\libhal_bsp.a(alt_open.o)
 .debug_aranges
                0x00000000000003a8       0x20 ../algorithm_bsp/\libhal_bsp.a(alt_release_fd.o)
 .debug_aranges
                0x00000000000003c8       0x20 ../algorithm_bsp/\libhal_bsp.a(alt_tick.o)
 .debug_aranges
                0x00000000000003e8       0x20 ../algorithm_bsp/\libhal_bsp.a(altera_nios2_qsys_irq.o)
 .debug_aranges
                0x0000000000000408       0x38 ../algorithm_bsp/\libhal_bsp.a(alt_exception_entry.o)
 .debug_aranges
                0x0000000000000440       0x20 ../algorithm_bsp/\libhal_bsp.a(alt_find_dev.o)
 .debug_aranges
                0x0000000000000460       0x20 ../algorithm_bsp/\libhal_bsp.a(alt_find_file.o)
 .debug_aranges
                0x0000000000000480       0x20 ../algorithm_bsp/\libhal_bsp.a(alt_get_fd.o)
 .debug_aranges
                0x00000000000004a0       0x20 ../algorithm_bsp/\libhal_bsp.a(alt_icache_flush.o)
 .debug_aranges
                0x00000000000004c0       0x20 c:/altera/15.0/nios2eds/bin/gnu/h-x86_64-mingw32/bin/../lib/gcc/nios2-elf/4.9.1/../../../../../H-x86_64-mingw32/nios2-elf/lib\libc.a(lib_a-atexit.o)
 .debug_aranges
                0x00000000000004e0       0x20 c:/altera/15.0/nios2eds/bin/gnu/h-x86_64-mingw32/bin/../lib/gcc/nios2-elf/4.9.1/../../../../../H-x86_64-mingw32/nios2-elf/lib\libc.a(lib_a-exit.o)
 .debug_aranges
                0x0000000000000500       0x18 c:/altera/15.0/nios2eds/bin/gnu/h-x86_64-mingw32/bin/../lib/gcc/nios2-elf/4.9.1/../../../../../H-x86_64-mingw32/nios2-elf/lib\libc.a(lib_a-impure.o)
 .debug_aranges
                0x0000000000000518       0x18 c:/altera/15.0/nios2eds/bin/gnu/h-x86_64-mingw32/bin/../lib/gcc/nios2-elf/4.9.1/../../../../../H-x86_64-mingw32/nios2-elf/lib\libc.a(lib_a-int_errno.o)
 .debug_aranges
                0x0000000000000530       0x20 c:/altera/15.0/nios2eds/bin/gnu/h-x86_64-mingw32/bin/../lib/gcc/nios2-elf/4.9.1/../../../../../H-x86_64-mingw32/nios2-elf/lib\libc.a(lib_a-memcmp.o)
 .debug_aranges
                0x0000000000000550       0x20 c:/altera/15.0/nios2eds/bin/gnu/h-x86_64-mingw32/bin/../lib/gcc/nios2-elf/4.9.1/../../../../../H-x86_64-mingw32/nios2-elf/lib\libc.a(lib_a-strlen.o)
 .debug_aranges
                0x0000000000000570       0x20 c:/altera/15.0/nios2eds/bin/gnu/h-x86_64-mingw32/bin/../lib/gcc/nios2-elf/4.9.1/../../../../../H-x86_64-mingw32/nios2-elf/lib\libc.a(lib_a-__atexit.o)
 .debug_aranges
                0x0000000000000590       0x20 c:/altera/15.0/nios2eds/bin/gnu/h-x86_64-mingw32/bin/../lib/gcc/nios2-elf/4.9.1/../../../../../H-x86_64-mingw32/nios2-elf/lib\libc.a(lib_a-__call_atexit.o)
 .debug_aranges
                0x00000000000005b0       0x20 ../algorithm_bsp/\libhal_bsp.a(alt_exit.o)

.debug_pubnames
 *(.debug_pubnames)

.debug_info     0x0000000000000000     0x777d
 *(.debug_info .gnu.linkonce.wi.*)
 .debug_info    0x0000000000000000       0x91 ../algorithm_bsp//obj/HAL/src/crt0.o
 .debug_info    0x0000000000000091      0x237 obj/default/hello_world.o
 .debug_info    0x00000000000002c8      0x133 c:/altera/15.0/nios2eds/bin/gnu/h-x86_64-mingw32/bin/../lib/gcc/nios2-elf/4.9.1/../../../../../H-x86_64-mingw32/nios2-elf/lib\libc.a(lib_a-memcpy.o)
 .debug_info    0x00000000000003fb      0x11a c:/altera/15.0/nios2eds/bin/gnu/h-x86_64-mingw32/bin/../lib/gcc/nios2-elf/4.9.1/../../../../../H-x86_64-mingw32/nios2-elf/lib\libc.a(lib_a-memset.o)
 .debug_info    0x0000000000000515      0x13e ../algorithm_bsp/\libhal_bsp.a(alt_load.o)
 .debug_info    0x0000000000000653      0x12a ../algorithm_bsp/\libhal_bsp.a(alt_main.o)
 .debug_info    0x000000000000077d      0x4d2 ../algorithm_bsp/\libhal_bsp.a(alt_sys_init.o)
 .debug_info    0x0000000000000c4f      0x527 ../algorithm_bsp/\libhal_bsp.a(altera_avalon_jtag_uart_fd.o)
 .debug_info    0x0000000000001176      0x3a1 ../algorithm_bsp/\libhal_bsp.a(altera_avalon_jtag_uart_init.o)
 .debug_info    0x0000000000001517      0x279 ../algorithm_bsp/\libhal_bsp.a(altera_avalon_jtag_uart_ioctl.o)
 .debug_info    0x0000000000001790      0x342 ../algorithm_bsp/\libhal_bsp.a(altera_avalon_jtag_uart_read.o)
 .debug_info    0x0000000000001ad2      0x339 ../algorithm_bsp/\libhal_bsp.a(altera_avalon_jtag_uart_write.o)
 .debug_info    0x0000000000001e0b      0x21f ../algorithm_bsp/\libhal_bsp.a(altera_avalon_timer_sc.o)
 .debug_info    0x000000000000202a      0x2c5 ../algorithm_bsp/\libhal_bsp.a(alt_alarm_start.o)
 .debug_info    0x00000000000022ef      0x31a ../algorithm_bsp/\libhal_bsp.a(alt_close.o)
 .debug_info    0x0000000000002609       0x8b ../algorithm_bsp/\libhal_bsp.a(alt_dcache_flush_all.o)
 .debug_info    0x0000000000002694      0x495 ../algorithm_bsp/\libhal_bsp.a(alt_dev.o)
 .debug_info    0x0000000000002b29      0x1a2 ../algorithm_bsp/\libhal_bsp.a(alt_dev_llist_insert.o)
 .debug_info    0x0000000000002ccb       0x83 ../algorithm_bsp/\libhal_bsp.a(alt_do_ctors.o)
 .debug_info    0x0000000000002d4e       0x83 ../algorithm_bsp/\libhal_bsp.a(alt_do_dtors.o)
 .debug_info    0x0000000000002dd1       0x9f ../algorithm_bsp/\libhal_bsp.a(alt_errno.o)
 .debug_info    0x0000000000002e70       0x8b ../algorithm_bsp/\libhal_bsp.a(alt_icache_flush_all.o)
 .debug_info    0x0000000000002efb      0x349 ../algorithm_bsp/\libhal_bsp.a(alt_iic.o)
 .debug_info    0x0000000000003244      0x1e8 ../algorithm_bsp/\libhal_bsp.a(alt_iic_isr_register.o)
 .debug_info    0x000000000000342c      0x49e ../algorithm_bsp/\libhal_bsp.a(alt_io_redirect.o)
 .debug_info    0x00000000000038ca       0x9a ../algorithm_bsp/\libhal_bsp.a(alt_irq_entry.o)
 .debug_info    0x0000000000003964      0x180 ../algorithm_bsp/\libhal_bsp.a(alt_irq_handler.o)
 .debug_info    0x0000000000003ae4       0x88 ../algorithm_bsp/\libhal_bsp.a(alt_irq_vars.o)
 .debug_info    0x0000000000003b6c      0x3b4 ../algorithm_bsp/\libhal_bsp.a(alt_open.o)
 .debug_info    0x0000000000003f20      0x2b0 ../algorithm_bsp/\libhal_bsp.a(alt_release_fd.o)
 .debug_info    0x00000000000041d0      0x292 ../algorithm_bsp/\libhal_bsp.a(alt_tick.o)
 .debug_info    0x0000000000004462       0x8b ../algorithm_bsp/\libhal_bsp.a(altera_nios2_qsys_irq.o)
 .debug_info    0x00000000000044ed       0xa0 ../algorithm_bsp/\libhal_bsp.a(alt_exception_entry.o)
 .debug_info    0x000000000000458d      0x2e2 ../algorithm_bsp/\libhal_bsp.a(alt_find_dev.o)
 .debug_info    0x000000000000486f      0x2df ../algorithm_bsp/\libhal_bsp.a(alt_find_file.o)
 .debug_info    0x0000000000004b4e      0x309 ../algorithm_bsp/\libhal_bsp.a(alt_get_fd.o)
 .debug_info    0x0000000000004e57       0xd5 ../algorithm_bsp/\libhal_bsp.a(alt_icache_flush.o)
 .debug_info    0x0000000000004f2c      0x10a c:/altera/15.0/nios2eds/bin/gnu/h-x86_64-mingw32/bin/../lib/gcc/nios2-elf/4.9.1/../../../../../H-x86_64-mingw32/nios2-elf/lib\libc.a(lib_a-atexit.o)
 .debug_info    0x0000000000005036      0x8df c:/altera/15.0/nios2eds/bin/gnu/h-x86_64-mingw32/bin/../lib/gcc/nios2-elf/4.9.1/../../../../../H-x86_64-mingw32/nios2-elf/lib\libc.a(lib_a-exit.o)
 .debug_info    0x0000000000005915      0x88f c:/altera/15.0/nios2eds/bin/gnu/h-x86_64-mingw32/bin/../lib/gcc/nios2-elf/4.9.1/../../../../../H-x86_64-mingw32/nios2-elf/lib\libc.a(lib_a-impure.o)
 .debug_info    0x00000000000061a4       0x83 c:/altera/15.0/nios2eds/bin/gnu/h-x86_64-mingw32/bin/../lib/gcc/nios2-elf/4.9.1/../../../../../H-x86_64-mingw32/nios2-elf/lib\libc.a(lib_a-int_errno.o)
 .debug_info    0x0000000000006227      0x113 c:/altera/15.0/nios2eds/bin/gnu/h-x86_64-mingw32/bin/../lib/gcc/nios2-elf/4.9.1/../../../../../H-x86_64-mingw32/nios2-elf/lib\libc.a(lib_a-memcmp.o)
 .debug_info    0x000000000000633a       0xdb c:/altera/15.0/nios2eds/bin/gnu/h-x86_64-mingw32/bin/../lib/gcc/nios2-elf/4.9.1/../../../../../H-x86_64-mingw32/nios2-elf/lib\libc.a(lib_a-strlen.o)
 .debug_info    0x0000000000006415      0x93b c:/altera/15.0/nios2eds/bin/gnu/h-x86_64-mingw32/bin/../lib/gcc/nios2-elf/4.9.1/../../../../../H-x86_64-mingw32/nios2-elf/lib\libc.a(lib_a-__atexit.o)
 .debug_info    0x0000000000006d50      0x948 c:/altera/15.0/nios2eds/bin/gnu/h-x86_64-mingw32/bin/../lib/gcc/nios2-elf/4.9.1/../../../../../H-x86_64-mingw32/nios2-elf/lib\libc.a(lib_a-__call_atexit.o)
 .debug_info    0x0000000000007698       0xe5 ../algorithm_bsp/\libhal_bsp.a(alt_exit.o)

.debug_abbrev   0x0000000000000000     0x2a5c
 *(.debug_abbrev)
 .debug_abbrev  0x0000000000000000       0x12 ../algorithm_bsp//obj/HAL/src/crt0.o
 .debug_abbrev  0x0000000000000012       0x91 obj/default/hello_world.o
 .debug_abbrev  0x00000000000000a3       0x9c c:/altera/15.0/nios2eds/bin/gnu/h-x86_64-mingw32/bin/../lib/gcc/nios2-elf/4.9.1/../../../../../H-x86_64-mingw32/nios2-elf/lib\libc.a(lib_a-memcpy.o)
 .debug_abbrev  0x000000000000013f       0xae c:/altera/15.0/nios2eds/bin/gnu/h-x86_64-mingw32/bin/../lib/gcc/nios2-elf/4.9.1/../../../../../H-x86_64-mingw32/nios2-elf/lib\libc.a(lib_a-memset.o)
 .debug_abbrev  0x00000000000001ed       0x9f ../algorithm_bsp/\libhal_bsp.a(alt_load.o)
 .debug_abbrev  0x000000000000028c       0xba ../algorithm_bsp/\libhal_bsp.a(alt_main.o)
 .debug_abbrev  0x0000000000000346      0x187 ../algorithm_bsp/\libhal_bsp.a(alt_sys_init.o)
 .debug_abbrev  0x00000000000004cd      0x127 ../algorithm_bsp/\libhal_bsp.a(altera_avalon_jtag_uart_fd.o)
 .debug_abbrev  0x00000000000005f4      0x197 ../algorithm_bsp/\libhal_bsp.a(altera_avalon_jtag_uart_init.o)
 .debug_abbrev  0x000000000000078b      0x111 ../algorithm_bsp/\libhal_bsp.a(altera_avalon_jtag_uart_ioctl.o)
 .debug_abbrev  0x000000000000089c      0x1ac ../algorithm_bsp/\libhal_bsp.a(altera_avalon_jtag_uart_read.o)
 .debug_abbrev  0x0000000000000a48      0x1a8 ../algorithm_bsp/\libhal_bsp.a(altera_avalon_jtag_uart_write.o)
 .debug_abbrev  0x0000000000000bf0      0x155 ../algorithm_bsp/\libhal_bsp.a(altera_avalon_timer_sc.o)
 .debug_abbrev  0x0000000000000d45      0x162 ../algorithm_bsp/\libhal_bsp.a(alt_alarm_start.o)
 .debug_abbrev  0x0000000000000ea7      0x11f ../algorithm_bsp/\libhal_bsp.a(alt_close.o)
 .debug_abbrev  0x0000000000000fc6       0x42 ../algorithm_bsp/\libhal_bsp.a(alt_dcache_flush_all.o)
 .debug_abbrev  0x0000000000001008       0xd9 ../algorithm_bsp/\libhal_bsp.a(alt_dev.o)
 .debug_abbrev  0x00000000000010e1      0x114 ../algorithm_bsp/\libhal_bsp.a(alt_dev_llist_insert.o)
 .debug_abbrev  0x00000000000011f5       0x79 ../algorithm_bsp/\libhal_bsp.a(alt_do_ctors.o)
 .debug_abbrev  0x000000000000126e       0x79 ../algorithm_bsp/\libhal_bsp.a(alt_do_dtors.o)
 .debug_abbrev  0x00000000000012e7       0x5a ../algorithm_bsp/\libhal_bsp.a(alt_errno.o)
 .debug_abbrev  0x0000000000001341       0x42 ../algorithm_bsp/\libhal_bsp.a(alt_icache_flush_all.o)
 .debug_abbrev  0x0000000000001383      0x163 ../algorithm_bsp/\libhal_bsp.a(alt_iic.o)
 .debug_abbrev  0x00000000000014e6      0x169 ../algorithm_bsp/\libhal_bsp.a(alt_iic_isr_register.o)
 .debug_abbrev  0x000000000000164f      0x114 ../algorithm_bsp/\libhal_bsp.a(alt_io_redirect.o)
 .debug_abbrev  0x0000000000001763       0x12 ../algorithm_bsp/\libhal_bsp.a(alt_irq_entry.o)
 .debug_abbrev  0x0000000000001775      0x122 ../algorithm_bsp/\libhal_bsp.a(alt_irq_handler.o)
 .debug_abbrev  0x0000000000001897       0x40 ../algorithm_bsp/\libhal_bsp.a(alt_irq_vars.o)
 .debug_abbrev  0x00000000000018d7      0x148 ../algorithm_bsp/\libhal_bsp.a(alt_open.o)
 .debug_abbrev  0x0000000000001a1f       0xde ../algorithm_bsp/\libhal_bsp.a(alt_release_fd.o)
 .debug_abbrev  0x0000000000001afd      0x15a ../algorithm_bsp/\libhal_bsp.a(alt_tick.o)
 .debug_abbrev  0x0000000000001c57       0x42 ../algorithm_bsp/\libhal_bsp.a(altera_nios2_qsys_irq.o)
 .debug_abbrev  0x0000000000001c99       0x12 ../algorithm_bsp/\libhal_bsp.a(alt_exception_entry.o)
 .debug_abbrev  0x0000000000001cab       0xf0 ../algorithm_bsp/\libhal_bsp.a(alt_find_dev.o)
 .debug_abbrev  0x0000000000001d9b       0xf0 ../algorithm_bsp/\libhal_bsp.a(alt_find_file.o)
 .debug_abbrev  0x0000000000001e8b      0x10d ../algorithm_bsp/\libhal_bsp.a(alt_get_fd.o)
 .debug_abbrev  0x0000000000001f98       0x8c ../algorithm_bsp/\libhal_bsp.a(alt_icache_flush.o)
 .debug_abbrev  0x0000000000002024       0xb8 c:/altera/15.0/nios2eds/bin/gnu/h-x86_64-mingw32/bin/../lib/gcc/nios2-elf/4.9.1/../../../../../H-x86_64-mingw32/nios2-elf/lib\libc.a(lib_a-atexit.o)
 .debug_abbrev  0x00000000000020dc      0x1e6 c:/altera/15.0/nios2eds/bin/gnu/h-x86_64-mingw32/bin/../lib/gcc/nios2-elf/4.9.1/../../../../../H-x86_64-mingw32/nios2-elf/lib\libc.a(lib_a-exit.o)
 .debug_abbrev  0x00000000000022c2      0x180 c:/altera/15.0/nios2eds/bin/gnu/h-x86_64-mingw32/bin/../lib/gcc/nios2-elf/4.9.1/../../../../../H-x86_64-mingw32/nios2-elf/lib\libc.a(lib_a-impure.o)
 .debug_abbrev  0x0000000000002442       0x37 c:/altera/15.0/nios2eds/bin/gnu/h-x86_64-mingw32/bin/../lib/gcc/nios2-elf/4.9.1/../../../../../H-x86_64-mingw32/nios2-elf/lib\libc.a(lib_a-int_errno.o)
 .debug_abbrev  0x0000000000002479       0x7f c:/altera/15.0/nios2eds/bin/gnu/h-x86_64-mingw32/bin/../lib/gcc/nios2-elf/4.9.1/../../../../../H-x86_64-mingw32/nios2-elf/lib\libc.a(lib_a-memcmp.o)
 .debug_abbrev  0x00000000000024f8       0x90 c:/altera/15.0/nios2eds/bin/gnu/h-x86_64-mingw32/bin/../lib/gcc/nios2-elf/4.9.1/../../../../../H-x86_64-mingw32/nios2-elf/lib\libc.a(lib_a-strlen.o)
 .debug_abbrev  0x0000000000002588      0x21e c:/altera/15.0/nios2eds/bin/gnu/h-x86_64-mingw32/bin/../lib/gcc/nios2-elf/4.9.1/../../../../../H-x86_64-mingw32/nios2-elf/lib\libc.a(lib_a-__atexit.o)
 .debug_abbrev  0x00000000000027a6      0x210 c:/altera/15.0/nios2eds/bin/gnu/h-x86_64-mingw32/bin/../lib/gcc/nios2-elf/4.9.1/../../../../../H-x86_64-mingw32/nios2-elf/lib\libc.a(lib_a-__call_atexit.o)
 .debug_abbrev  0x00000000000029b6       0xa6 ../algorithm_bsp/\libhal_bsp.a(alt_exit.o)

.debug_line     0x0000000000000000     0x2b99
 *(.debug_line)
 .debug_line    0x0000000000000000       0x6c ../algorithm_bsp//obj/HAL/src/crt0.o
 .debug_line    0x000000000000006c       0xd2 obj/default/hello_world.o
 .debug_line    0x000000000000013e      0x184 c:/altera/15.0/nios2eds/bin/gnu/h-x86_64-mingw32/bin/../lib/gcc/nios2-elf/4.9.1/../../../../../H-x86_64-mingw32/nios2-elf/lib\libc.a(lib_a-memcpy.o)
 .debug_line    0x00000000000002c2      0x18e c:/altera/15.0/nios2eds/bin/gnu/h-x86_64-mingw32/bin/../lib/gcc/nios2-elf/4.9.1/../../../../../H-x86_64-mingw32/nios2-elf/lib\libc.a(lib_a-memset.o)
 .debug_line    0x0000000000000450       0x8d ../algorithm_bsp/\libhal_bsp.a(alt_load.o)
 .debug_line    0x00000000000004dd       0xa4 ../algorithm_bsp/\libhal_bsp.a(alt_main.o)
 .debug_line    0x0000000000000581      0x151 ../algorithm_bsp/\libhal_bsp.a(alt_sys_init.o)
 .debug_line    0x00000000000006d2      0x12f ../algorithm_bsp/\libhal_bsp.a(altera_avalon_jtag_uart_fd.o)
 .debug_line    0x0000000000000801      0x180 ../algorithm_bsp/\libhal_bsp.a(altera_avalon_jtag_uart_init.o)
 .debug_line    0x0000000000000981      0x12e ../algorithm_bsp/\libhal_bsp.a(altera_avalon_jtag_uart_ioctl.o)
 .debug_line    0x0000000000000aaf      0x16a ../algorithm_bsp/\libhal_bsp.a(altera_avalon_jtag_uart_read.o)
 .debug_line    0x0000000000000c19      0x16a ../algorithm_bsp/\libhal_bsp.a(altera_avalon_jtag_uart_write.o)
 .debug_line    0x0000000000000d83       0xfd ../algorithm_bsp/\libhal_bsp.a(altera_avalon_timer_sc.o)
 .debug_line    0x0000000000000e80       0xfa ../algorithm_bsp/\libhal_bsp.a(alt_alarm_start.o)
 .debug_line    0x0000000000000f7a      0x15e ../algorithm_bsp/\libhal_bsp.a(alt_close.o)
 .debug_line    0x00000000000010d8       0x51 ../algorithm_bsp/\libhal_bsp.a(alt_dcache_flush_all.o)
 .debug_line    0x0000000000001129       0xf0 ../algorithm_bsp/\libhal_bsp.a(alt_dev.o)
 .debug_line    0x0000000000001219       0xd0 ../algorithm_bsp/\libhal_bsp.a(alt_dev_llist_insert.o)
 .debug_line    0x00000000000012e9       0x59 ../algorithm_bsp/\libhal_bsp.a(alt_do_ctors.o)
 .debug_line    0x0000000000001342       0x59 ../algorithm_bsp/\libhal_bsp.a(alt_do_dtors.o)
 .debug_line    0x000000000000139b       0x51 ../algorithm_bsp/\libhal_bsp.a(alt_errno.o)
 .debug_line    0x00000000000013ec       0x50 ../algorithm_bsp/\libhal_bsp.a(alt_icache_flush_all.o)
 .debug_line    0x000000000000143c       0xef ../algorithm_bsp/\libhal_bsp.a(alt_iic.o)
 .debug_line    0x000000000000152b       0xdb ../algorithm_bsp/\libhal_bsp.a(alt_iic_isr_register.o)
 .debug_line    0x0000000000001606      0x12b ../algorithm_bsp/\libhal_bsp.a(alt_io_redirect.o)
 .debug_line    0x0000000000001731       0x6b ../algorithm_bsp/\libhal_bsp.a(alt_irq_entry.o)
 .debug_line    0x000000000000179c       0xaa ../algorithm_bsp/\libhal_bsp.a(alt_irq_handler.o)
 .debug_line    0x0000000000001846       0x50 ../algorithm_bsp/\libhal_bsp.a(alt_irq_vars.o)
 .debug_line    0x0000000000001896      0x12a ../algorithm_bsp/\libhal_bsp.a(alt_open.o)
 .debug_line    0x00000000000019c0       0xae ../algorithm_bsp/\libhal_bsp.a(alt_release_fd.o)
 .debug_line    0x0000000000001a6e       0xfe ../algorithm_bsp/\libhal_bsp.a(alt_tick.o)
 .debug_line    0x0000000000001b6c       0x51 ../algorithm_bsp/\libhal_bsp.a(altera_nios2_qsys_irq.o)
 .debug_line    0x0000000000001bbd       0xab ../algorithm_bsp/\libhal_bsp.a(alt_exception_entry.o)
 .debug_line    0x0000000000001c68       0xb5 ../algorithm_bsp/\libhal_bsp.a(alt_find_dev.o)
 .debug_line    0x0000000000001d1d       0xd1 ../algorithm_bsp/\libhal_bsp.a(alt_find_file.o)
 .debug_line    0x0000000000001dee       0xd5 ../algorithm_bsp/\libhal_bsp.a(alt_get_fd.o)
 .debug_line    0x0000000000001ec3       0x81 ../algorithm_bsp/\libhal_bsp.a(alt_icache_flush.o)
 .debug_line    0x0000000000001f44       0xe6 c:/altera/15.0/nios2eds/bin/gnu/h-x86_64-mingw32/bin/../lib/gcc/nios2-elf/4.9.1/../../../../../H-x86_64-mingw32/nios2-elf/lib\libc.a(lib_a-atexit.o)
 .debug_line    0x000000000000202a      0x1fa c:/altera/15.0/nios2eds/bin/gnu/h-x86_64-mingw32/bin/../lib/gcc/nios2-elf/4.9.1/../../../../../H-x86_64-mingw32/nios2-elf/lib\libc.a(lib_a-exit.o)
 .debug_line    0x0000000000002224      0x15f c:/altera/15.0/nios2eds/bin/gnu/h-x86_64-mingw32/bin/../lib/gcc/nios2-elf/4.9.1/../../../../../H-x86_64-mingw32/nios2-elf/lib\libc.a(lib_a-impure.o)
 .debug_line    0x0000000000002383       0x5d c:/altera/15.0/nios2eds/bin/gnu/h-x86_64-mingw32/bin/../lib/gcc/nios2-elf/4.9.1/../../../../../H-x86_64-mingw32/nios2-elf/lib\libc.a(lib_a-int_errno.o)
 .debug_line    0x00000000000023e0      0x175 c:/altera/15.0/nios2eds/bin/gnu/h-x86_64-mingw32/bin/../lib/gcc/nios2-elf/4.9.1/../../../../../H-x86_64-mingw32/nios2-elf/lib\libc.a(lib_a-memcmp.o)
 .debug_line    0x0000000000002555      0x16e c:/altera/15.0/nios2eds/bin/gnu/h-x86_64-mingw32/bin/../lib/gcc/nios2-elf/4.9.1/../../../../../H-x86_64-mingw32/nios2-elf/lib\libc.a(lib_a-strlen.o)
 .debug_line    0x00000000000026c3      0x224 c:/altera/15.0/nios2eds/bin/gnu/h-x86_64-mingw32/bin/../lib/gcc/nios2-elf/4.9.1/../../../../../H-x86_64-mingw32/nios2-elf/lib\libc.a(lib_a-__atexit.o)
 .debug_line    0x00000000000028e7      0x241 c:/altera/15.0/nios2eds/bin/gnu/h-x86_64-mingw32/bin/../lib/gcc/nios2-elf/4.9.1/../../../../../H-x86_64-mingw32/nios2-elf/lib\libc.a(lib_a-__call_atexit.o)
 .debug_line    0x0000000000002b28       0x71 ../algorithm_bsp/\libhal_bsp.a(alt_exit.o)

.debug_frame    0x0000000000000000      0xacc
 *(.debug_frame)
 .debug_frame   0x0000000000000000       0x3c obj/default/hello_world.o
 .debug_frame   0x000000000000003c       0x30 c:/altera/15.0/nios2eds/bin/gnu/h-x86_64-mingw32/bin/../lib/gcc/nios2-elf/4.9.1/../../../../../H-x86_64-mingw32/nios2-elf/lib\libc.a(lib_a-memcpy.o)
 .debug_frame   0x000000000000006c       0x20 c:/altera/15.0/nios2eds/bin/gnu/h-x86_64-mingw32/bin/../lib/gcc/nios2-elf/4.9.1/../../../../../H-x86_64-mingw32/nios2-elf/lib\libc.a(lib_a-memset.o)
 .debug_frame   0x000000000000008c       0x5c ../algorithm_bsp/\libhal_bsp.a(alt_load.o)
 .debug_frame   0x00000000000000e8       0x2c ../algorithm_bsp/\libhal_bsp.a(alt_main.o)
 .debug_frame   0x0000000000000114       0x88 ../algorithm_bsp/\libhal_bsp.a(alt_sys_init.o)
 .debug_frame   0x000000000000019c       0xb0 ../algorithm_bsp/\libhal_bsp.a(altera_avalon_jtag_uart_fd.o)
 .debug_frame   0x000000000000024c       0xa4 ../algorithm_bsp/\libhal_bsp.a(altera_avalon_jtag_uart_init.o)
 .debug_frame   0x00000000000002f0       0x34 ../algorithm_bsp/\libhal_bsp.a(altera_avalon_jtag_uart_ioctl.o)
 .debug_frame   0x0000000000000324       0x38 ../algorithm_bsp/\libhal_bsp.a(altera_avalon_jtag_uart_read.o)
 .debug_frame   0x000000000000035c       0x38 ../algorithm_bsp/\libhal_bsp.a(altera_avalon_jtag_uart_write.o)
 .debug_frame   0x0000000000000394       0x60 ../algorithm_bsp/\libhal_bsp.a(altera_avalon_timer_sc.o)
 .debug_frame   0x00000000000003f4       0x34 ../algorithm_bsp/\libhal_bsp.a(alt_alarm_start.o)
 .debug_frame   0x0000000000000428       0x60 ../algorithm_bsp/\libhal_bsp.a(alt_close.o)
 .debug_frame   0x0000000000000488       0x34 ../algorithm_bsp/\libhal_bsp.a(alt_dcache_flush_all.o)
 .debug_frame   0x00000000000004bc       0x34 ../algorithm_bsp/\libhal_bsp.a(alt_dev.o)
 .debug_frame   0x00000000000004f0       0x60 ../algorithm_bsp/\libhal_bsp.a(alt_dev_llist_insert.o)
 .debug_frame   0x0000000000000550       0x38 ../algorithm_bsp/\libhal_bsp.a(alt_do_ctors.o)
 .debug_frame   0x0000000000000588       0x38 ../algorithm_bsp/\libhal_bsp.a(alt_do_dtors.o)
 .debug_frame   0x00000000000005c0       0x38 ../algorithm_bsp/\libhal_bsp.a(alt_icache_flush_all.o)
 .debug_frame   0x00000000000005f8       0xa4 ../algorithm_bsp/\libhal_bsp.a(alt_iic.o)
 .debug_frame   0x000000000000069c       0x38 ../algorithm_bsp/\libhal_bsp.a(alt_iic_isr_register.o)
 .debug_frame   0x00000000000006d4       0x60 ../algorithm_bsp/\libhal_bsp.a(alt_io_redirect.o)
 .debug_frame   0x0000000000000734       0x38 ../algorithm_bsp/\libhal_bsp.a(alt_irq_handler.o)
 .debug_frame   0x000000000000076c       0x84 ../algorithm_bsp/\libhal_bsp.a(alt_open.o)
 .debug_frame   0x00000000000007f0       0x34 ../algorithm_bsp/\libhal_bsp.a(alt_release_fd.o)
 .debug_frame   0x0000000000000824       0x5c ../algorithm_bsp/\libhal_bsp.a(alt_tick.o)
 .debug_frame   0x0000000000000880       0x34 ../algorithm_bsp/\libhal_bsp.a(altera_nios2_qsys_irq.o)
 .debug_frame   0x00000000000008b4       0x38 ../algorithm_bsp/\libhal_bsp.a(alt_find_dev.o)
 .debug_frame   0x00000000000008ec       0x38 ../algorithm_bsp/\libhal_bsp.a(alt_find_file.o)
 .debug_frame   0x0000000000000924       0x34 ../algorithm_bsp/\libhal_bsp.a(alt_get_fd.o)
 .debug_frame   0x0000000000000958       0x34 ../algorithm_bsp/\libhal_bsp.a(alt_icache_flush.o)
 .debug_frame   0x000000000000098c       0x20 c:/altera/15.0/nios2eds/bin/gnu/h-x86_64-mingw32/bin/../lib/gcc/nios2-elf/4.9.1/../../../../../H-x86_64-mingw32/nios2-elf/lib\libc.a(lib_a-atexit.o)
 .debug_frame   0x00000000000009ac       0x28 c:/altera/15.0/nios2eds/bin/gnu/h-x86_64-mingw32/bin/../lib/gcc/nios2-elf/4.9.1/../../../../../H-x86_64-mingw32/nios2-elf/lib\libc.a(lib_a-exit.o)
 .debug_frame   0x00000000000009d4       0x20 c:/altera/15.0/nios2eds/bin/gnu/h-x86_64-mingw32/bin/../lib/gcc/nios2-elf/4.9.1/../../../../../H-x86_64-mingw32/nios2-elf/lib\libc.a(lib_a-memcmp.o)
 .debug_frame   0x00000000000009f4       0x20 c:/altera/15.0/nios2eds/bin/gnu/h-x86_64-mingw32/bin/../lib/gcc/nios2-elf/4.9.1/../../../../../H-x86_64-mingw32/nios2-elf/lib\libc.a(lib_a-strlen.o)
 .debug_frame   0x0000000000000a14       0x38 c:/altera/15.0/nios2eds/bin/gnu/h-x86_64-mingw32/bin/../lib/gcc/nios2-elf/4.9.1/../../../../../H-x86_64-mingw32/nios2-elf/lib\libc.a(lib_a-__atexit.o)
 .debug_frame   0x0000000000000a4c       0x54 c:/altera/15.0/nios2eds/bin/gnu/h-x86_64-mingw32/bin/../lib/gcc/nios2-elf/4.9.1/../../../../../H-x86_64-mingw32/nios2-elf/lib\libc.a(lib_a-__call_atexit.o)
 .debug_frame   0x0000000000000aa0       0x2c ../algorithm_bsp/\libhal_bsp.a(alt_exit.o)

.debug_str      0x0000000000000000     0x1787
 *(.debug_str)
 .debug_str     0x0000000000000000      0x227 obj/default/hello_world.o
                                        0x265 (size before relaxing)
 .debug_str     0x0000000000000227      0x123 c:/altera/15.0/nios2eds/bin/gnu/h-x86_64-mingw32/bin/../lib/gcc/nios2-elf/4.9.1/../../../../../H-x86_64-mingw32/nios2-elf/lib\libc.a(lib_a-memcpy.o)
                                        0x1b5 (size before relaxing)
 .debug_str     0x000000000000034a       0x56 c:/altera/15.0/nios2eds/bin/gnu/h-x86_64-mingw32/bin/../lib/gcc/nios2-elf/4.9.1/../../../../../H-x86_64-mingw32/nios2-elf/lib\libc.a(lib_a-memset.o)
                                        0x1a2 (size before relaxing)
 .debug_str     0x00000000000003a0      0x14e ../algorithm_bsp/\libhal_bsp.a(alt_load.o)
                                        0x212 (size before relaxing)
 .debug_str     0x00000000000004ee       0x70 ../algorithm_bsp/\libhal_bsp.a(alt_main.o)
                                        0x19d (size before relaxing)
 .debug_str     0x000000000000055e      0x1da ../algorithm_bsp/\libhal_bsp.a(alt_sys_init.o)
                                        0x390 (size before relaxing)
 .debug_str     0x0000000000000738       0xb2 ../algorithm_bsp/\libhal_bsp.a(altera_avalon_jtag_uart_fd.o)
                                        0x3a4 (size before relaxing)
 .debug_str     0x00000000000007ea       0xd1 ../algorithm_bsp/\libhal_bsp.a(altera_avalon_jtag_uart_init.o)
                                        0x338 (size before relaxing)
 .debug_str     0x00000000000008bb       0x4a ../algorithm_bsp/\libhal_bsp.a(altera_avalon_jtag_uart_ioctl.o)
                                        0x293 (size before relaxing)
 .debug_str     0x0000000000000905       0x7f ../algorithm_bsp/\libhal_bsp.a(altera_avalon_jtag_uart_read.o)
                                        0x2e8 (size before relaxing)
 .debug_str     0x0000000000000984       0x4a ../algorithm_bsp/\libhal_bsp.a(altera_avalon_jtag_uart_write.o)
                                        0x2e9 (size before relaxing)
 .debug_str     0x00000000000009ce       0x6d ../algorithm_bsp/\libhal_bsp.a(altera_avalon_timer_sc.o)
                                        0x24b (size before relaxing)
 .debug_str     0x0000000000000a3b       0x5f ../algorithm_bsp/\libhal_bsp.a(alt_alarm_start.o)
                                        0x27e (size before relaxing)
 .debug_str     0x0000000000000a9a       0x44 ../algorithm_bsp/\libhal_bsp.a(alt_close.o)
                                        0x20b (size before relaxing)
 .debug_str     0x0000000000000ade       0x34 ../algorithm_bsp/\libhal_bsp.a(alt_dcache_flush_all.o)
                                        0x155 (size before relaxing)
 .debug_str     0x0000000000000b12      0x120 ../algorithm_bsp/\libhal_bsp.a(alt_dev.o)
                                        0x305 (size before relaxing)
 .debug_str     0x0000000000000c32       0x34 ../algorithm_bsp/\libhal_bsp.a(alt_dev_llist_insert.o)
                                        0x1cc (size before relaxing)
 .debug_str     0x0000000000000c66       0x48 ../algorithm_bsp/\libhal_bsp.a(alt_do_ctors.o)
                                         0xdc (size before relaxing)
 .debug_str     0x0000000000000cae       0x4c ../algorithm_bsp/\libhal_bsp.a(alt_do_dtors.o)
                                         0xdb (size before relaxing)
 .debug_str     0x0000000000000cfa       0x14 ../algorithm_bsp/\libhal_bsp.a(alt_errno.o)
                                        0x145 (size before relaxing)
 .debug_str     0x0000000000000d0e       0x34 ../algorithm_bsp/\libhal_bsp.a(alt_icache_flush_all.o)
                                        0x155 (size before relaxing)
 .debug_str     0x0000000000000d42       0xc4 ../algorithm_bsp/\libhal_bsp.a(alt_iic.o)
                                        0x23e (size before relaxing)
 .debug_str     0x0000000000000e06       0x4c ../algorithm_bsp/\libhal_bsp.a(alt_iic_isr_register.o)
                                        0x1e8 (size before relaxing)
 .debug_str     0x0000000000000e52       0x56 ../algorithm_bsp/\libhal_bsp.a(alt_io_redirect.o)
                                        0x316 (size before relaxing)
 .debug_str     0x0000000000000ea8       0x3a ../algorithm_bsp/\libhal_bsp.a(alt_irq_handler.o)
                                        0x197 (size before relaxing)
 .debug_str     0x0000000000000ee2       0x17 ../algorithm_bsp/\libhal_bsp.a(alt_irq_vars.o)
                                        0x146 (size before relaxing)
 .debug_str     0x0000000000000ef9       0x2f ../algorithm_bsp/\libhal_bsp.a(alt_open.o)
                                        0x24b (size before relaxing)
 .debug_str     0x0000000000000f28       0x28 ../algorithm_bsp/\libhal_bsp.a(alt_release_fd.o)
                                        0x1df (size before relaxing)
 .debug_str     0x0000000000000f50       0x4a ../algorithm_bsp/\libhal_bsp.a(alt_tick.o)
                                        0x252 (size before relaxing)
 .debug_str     0x0000000000000f9a       0x3b ../algorithm_bsp/\libhal_bsp.a(altera_nios2_qsys_irq.o)
                                        0x15c (size before relaxing)
 .debug_str     0x0000000000000fd5       0x24 ../algorithm_bsp/\libhal_bsp.a(alt_find_dev.o)
                                        0x1ec (size before relaxing)
 .debug_str     0x0000000000000ff9       0x26 ../algorithm_bsp/\libhal_bsp.a(alt_find_file.o)
                                        0x1fa (size before relaxing)
 .debug_str     0x000000000000101f       0x30 ../algorithm_bsp/\libhal_bsp.a(alt_get_fd.o)
                                        0x21c (size before relaxing)
 .debug_str     0x000000000000104f       0x2c ../algorithm_bsp/\libhal_bsp.a(alt_icache_flush.o)
                                        0x15b (size before relaxing)
 .debug_str     0x000000000000107b      0x103 c:/altera/15.0/nios2eds/bin/gnu/h-x86_64-mingw32/bin/../lib/gcc/nios2-elf/4.9.1/../../../../../H-x86_64-mingw32/nios2-elf/lib\libc.a(lib_a-atexit.o)
                                        0x1cb (size before relaxing)
 .debug_str     0x000000000000117e      0x3b5 c:/altera/15.0/nios2eds/bin/gnu/h-x86_64-mingw32/bin/../lib/gcc/nios2-elf/4.9.1/../../../../../H-x86_64-mingw32/nios2-elf/lib\libc.a(lib_a-exit.o)
                                        0x561 (size before relaxing)
 .debug_str     0x0000000000001533       0xc9 c:/altera/15.0/nios2eds/bin/gnu/h-x86_64-mingw32/bin/../lib/gcc/nios2-elf/4.9.1/../../../../../H-x86_64-mingw32/nios2-elf/lib\libc.a(lib_a-impure.o)
                                        0x558 (size before relaxing)
 .debug_str     0x00000000000015fc       0x3d c:/altera/15.0/nios2eds/bin/gnu/h-x86_64-mingw32/bin/../lib/gcc/nios2-elf/4.9.1/../../../../../H-x86_64-mingw32/nios2-elf/lib\libc.a(lib_a-int_errno.o)
                                        0x187 (size before relaxing)
 .debug_str     0x0000000000001639       0x42 c:/altera/15.0/nios2eds/bin/gnu/h-x86_64-mingw32/bin/../lib/gcc/nios2-elf/4.9.1/../../../../../H-x86_64-mingw32/nios2-elf/lib\libc.a(lib_a-memcmp.o)
                                        0x18e (size before relaxing)
 .debug_str     0x000000000000167b       0x42 c:/altera/15.0/nios2eds/bin/gnu/h-x86_64-mingw32/bin/../lib/gcc/nios2-elf/4.9.1/../../../../../H-x86_64-mingw32/nios2-elf/lib\libc.a(lib_a-strlen.o)
                                        0x1a1 (size before relaxing)
 .debug_str     0x00000000000016bd       0x4b c:/altera/15.0/nios2eds/bin/gnu/h-x86_64-mingw32/bin/../lib/gcc/nios2-elf/4.9.1/../../../../../H-x86_64-mingw32/nios2-elf/lib\libc.a(lib_a-__atexit.o)
                                        0x5ae (size before relaxing)
 .debug_str     0x0000000000001708       0x55 c:/altera/15.0/nios2eds/bin/gnu/h-x86_64-mingw32/bin/../lib/gcc/nios2-elf/4.9.1/../../../../../H-x86_64-mingw32/nios2-elf/lib\libc.a(lib_a-__call_atexit.o)
                                        0x577 (size before relaxing)
 .debug_str     0x000000000000175d       0x2a ../algorithm_bsp/\libhal_bsp.a(alt_exit.o)
                                        0x151 (size before relaxing)

.debug_loc      0x0000000000000000      0x914
 *(.debug_loc)
 .debug_loc     0x0000000000000000      0x2a2 c:/altera/15.0/nios2eds/bin/gnu/h-x86_64-mingw32/bin/../lib/gcc/nios2-elf/4.9.1/../../../../../H-x86_64-mingw32/nios2-elf/lib\libc.a(lib_a-memcpy.o)
 .debug_loc     0x00000000000002a2      0x190 c:/altera/15.0/nios2eds/bin/gnu/h-x86_64-mingw32/bin/../lib/gcc/nios2-elf/4.9.1/../../../../../H-x86_64-mingw32/nios2-elf/lib\libc.a(lib_a-memset.o)
 .debug_loc     0x0000000000000432       0x2c c:/altera/15.0/nios2eds/bin/gnu/h-x86_64-mingw32/bin/../lib/gcc/nios2-elf/4.9.1/../../../../../H-x86_64-mingw32/nios2-elf/lib\libc.a(lib_a-atexit.o)
 .debug_loc     0x000000000000045e       0x1e c:/altera/15.0/nios2eds/bin/gnu/h-x86_64-mingw32/bin/../lib/gcc/nios2-elf/4.9.1/../../../../../H-x86_64-mingw32/nios2-elf/lib\libc.a(lib_a-exit.o)
 .debug_loc     0x000000000000047c      0x126 c:/altera/15.0/nios2eds/bin/gnu/h-x86_64-mingw32/bin/../lib/gcc/nios2-elf/4.9.1/../../../../../H-x86_64-mingw32/nios2-elf/lib\libc.a(lib_a-memcmp.o)
 .debug_loc     0x00000000000005a2       0x47 c:/altera/15.0/nios2eds/bin/gnu/h-x86_64-mingw32/bin/../lib/gcc/nios2-elf/4.9.1/../../../../../H-x86_64-mingw32/nios2-elf/lib\libc.a(lib_a-strlen.o)
 .debug_loc     0x00000000000005e9      0x185 c:/altera/15.0/nios2eds/bin/gnu/h-x86_64-mingw32/bin/../lib/gcc/nios2-elf/4.9.1/../../../../../H-x86_64-mingw32/nios2-elf/lib\libc.a(lib_a-__atexit.o)
 .debug_loc     0x000000000000076e      0x1a6 c:/altera/15.0/nios2eds/bin/gnu/h-x86_64-mingw32/bin/../lib/gcc/nios2-elf/4.9.1/../../../../../H-x86_64-mingw32/nios2-elf/lib\libc.a(lib_a-__call_atexit.o)

.debug_macinfo
 *(.debug_macinfo)

.debug_weaknames
 *(.debug_weaknames)

.debug_funcnames
 *(.debug_funcnames)

.debug_typenames
 *(.debug_typenames)

.debug_varnames
 *(.debug_varnames)

.debug_alt_sim_info
                0x0000000000000000       0x20
 *(.debug_alt_sim_info)
 .debug_alt_sim_info
                0x0000000000000000       0x20 ../algorithm_bsp//obj/HAL/src/crt0.o
                0x000000000c000000                __alt_data_end = 0xc000000
                0x000000000c000000                PROVIDE (__alt_stack_pointer, __alt_data_end)
                0x0000000008005c60                PROVIDE (__alt_stack_limit, __alt_stack_base)
                0x0000000008005c60                PROVIDE (__alt_heap_start, end)
                0x000000000c000000                PROVIDE (__alt_heap_limit, 0xc000000)
OUTPUT(algorithm.elf elf32-littlenios2)

.debug_ranges   0x0000000000000000       0xa0
 .debug_ranges  0x0000000000000000       0x20 ../algorithm_bsp//obj/HAL/src/crt0.o
 .debug_ranges  0x0000000000000020       0x28 ../algorithm_bsp/\libhal_bsp.a(alt_irq_entry.o)
 .debug_ranges  0x0000000000000048       0x10 ../algorithm_bsp/\libhal_bsp.a(alt_irq_handler.o)
 .debug_ranges  0x0000000000000058       0x30 ../algorithm_bsp/\libhal_bsp.a(alt_exception_entry.o)
 .debug_ranges  0x0000000000000088       0x18 c:/altera/15.0/nios2eds/bin/gnu/h-x86_64-mingw32/bin/../lib/gcc/nios2-elf/4.9.1/../../../../../H-x86_64-mingw32/nios2-elf/lib\libc.a(lib_a-__call_atexit.o)
